 MotionObjectDetector_sfun

 Timestamp is 5dd526ef (Wed Nov 20 11:43:43 2019)

 Preferred load address is 0000000180000000

 Start         Length     Name                   Class
 0001:00000000 00000540H .text$di                CODE
 0001:00000540 00048100H .text$mn                CODE
 0001:00048640 00000020H .text$mn$00             CODE
 0001:00048660 00000f20H .text$x                 CODE
 0001:00049580 00000375H .text$yd                CODE
 0002:00000000 000007e8H .idata$5                DATA
 0002:000007e8 00000010H .00cfg                  DATA
 0002:000007f8 00000008H .CRT$XCA                DATA
 0002:00000800 00000050H .CRT$XCU                DATA
 0002:00000850 00000008H .CRT$XCZ                DATA
 0002:00000858 00000008H .CRT$XIA                DATA
 0002:00000860 00000008H .CRT$XIZ                DATA
 0002:00000868 00000008H .CRT$XPA                DATA
 0002:00000870 00000008H .CRT$XPZ                DATA
 0002:00000878 00000008H .CRT$XTA                DATA
 0002:00000880 00000010H .CRT$XTZ                DATA
 0002:00000888 00000000H .gfids$y                DATA
 0002:00000890 000074a0H .rdata                  DATA
 0002:00007d30 000010f4H .rdata$r                DATA
 0002:00008e24 0000028cH .rdata$zzzdbg           DATA
 0002:000090b0 00000008H .rtc$IAA                DATA
 0002:000090b8 00000008H .rtc$IZZ                DATA
 0002:000090c0 00000008H .rtc$TAA                DATA
 0002:000090c8 00000008H .rtc$TZZ                DATA
 0002:000090d0 000034c0H .xdata                  DATA
 0002:0000c590 000000f0H .xdata$x                DATA
 0002:0000c680 000001fcH .edata                  DATA
 0002:0000c87c 000001a4H .idata$2                DATA
 0002:0000ca20 00000018H .idata$3                DATA
 0002:0000ca38 000007e8H .idata$4                DATA
 0002:0000d220 00001e52H .idata$6                DATA
 0003:00000000 00009f00H .data                   DATA
 0003:00009f00 000009b0H .data$r                 DATA
 0003:0000a8b0 00000cd0H .bss                    DATA
 0004:00000000 00002e68H .pdata                  DATA

  Address         Publics by Value              Rva+Base               Lib:Object

 0000:00000000       __guard_iat_count          0000000000000000     <absolute>
 0000:00000000       __guard_iat_table          0000000000000000     <absolute>
 0000:00000000       __guard_fids_table         0000000000000000     <absolute>
 0000:00000000       ___safe_se_handler_count   0000000000000000     <absolute>
 0000:00000000       __guard_longjmp_table      0000000000000000     <absolute>
 0000:00000000       __guard_longjmp_count      0000000000000000     <absolute>
 0000:00000000       __guard_fids_count         0000000000000000     <absolute>
 0000:00000000       __dynamic_value_reloc_table 0000000000000000     <absolute>
 0000:00000000       ___safe_se_handler_table   0000000000000000     <absolute>
 0000:00000100       __guard_flags              0000000000000100     <absolute>
 0000:00000000       __ImageBase                0000000180000000     <linker-defined>
 0001:00000540       MotionObjectDetector_initializer 0000000180001540 f   MotionObjectDetector_sfun.obj
 0001:00000550       MotionObjectDetector_terminator 0000000180001550 f   MotionObjectDetector_sfun.obj
 0001:00000560       load_MotionObjectDetector_optimization_info 0000000180001560 f   MotionObjectDetector_sfun.obj
 0001:00000610       unload_MotionObjectDetector_optimization_info 0000000180001610 f   MotionObjectDetector_sfun.obj
 0001:00000640       sf_MotionObjectDetector_method_dispatcher 0000000180001640 f   MotionObjectDetector_sfun.obj
 0001:00000690       sf_MotionObjectDetector_process_check_sum_call 0000000180001690 f   MotionObjectDetector_sfun.obj
 0001:00000b80       sf_MotionObjectDetector_get_eml_resolved_functions_info 0000000180001b80 f   MotionObjectDetector_sfun.obj
 0001:00000d60       sf_MotionObjectDetector_third_party_uses_info 0000000180001d60 f   MotionObjectDetector_sfun.obj
 0001:00000f30       sf_MotionObjectDetector_jit_fallback_info 0000000180001f30 f   MotionObjectDetector_sfun.obj
 0001:00001100       sf_MotionObjectDetector_get_post_codegen_info 0000000180002100 f   MotionObjectDetector_sfun.obj
 0001:000012e0       sf_MotionObjectDetector_updateBuildInfo_args_info 00000001800022e0 f   MotionObjectDetector_sfun.obj
 0001:000014b0       MotionObjectDetector_register_exported_symbols 00000001800024b0 f   MotionObjectDetector_sfun.obj
 0001:000014c0       sf_c3_MotionObjectDetector_get_eml_resolved_functions_info 00000001800024c0 f   c3_MotionObjectDetector.obj
 0001:00001540       sf_c3_MotionObjectDetector_get_check_sum 0000000180002540 f   c3_MotionObjectDetector.obj
 0001:00001610       c3_MotionObjectDetector_method_dispatcher 0000000180002610 f   c3_MotionObjectDetector.obj
 0001:00029740       sf_c3_MotionObjectDetector_third_party_uses_info 000000018002a740 f   c3_MotionObjectDetector.obj
 0001:000297e0       sf_c3_MotionObjectDetector_jit_fallback_info 000000018002a7e0 f   c3_MotionObjectDetector.obj
 0001:00029970       sf_c3_MotionObjectDetector_updateBuildInfo_args_info 000000018002a970 f   c3_MotionObjectDetector.obj
 0001:00029cd0       sf_c3_MotionObjectDetector_get_post_codegen_info 000000018002acd0 f   c3_MotionObjectDetector.obj
 0001:0002a180       mexFunction                000000018002b180 f   MotionObjectDetector_sfun_registry.obj
 0001:0002c720       _ssSetInputPortDirectFeedThroughFcn 000000018002d720 f   MotionObjectDetector_sfun_registry.obj
 0001:0002c890       _ssSetRWorkValueFcn        000000018002d890 f   MotionObjectDetector_sfun_registry.obj
 0001:0002c910       _ssGetRWorkValueFcn        000000018002d910 f   MotionObjectDetector_sfun_registry.obj
 0001:0002c980       _ssSetIWorkValueFcn        000000018002d980 f   MotionObjectDetector_sfun_registry.obj
 0001:0002ca00       _ssGetIWorkValueFcn        000000018002da00 f   MotionObjectDetector_sfun_registry.obj
 0001:0002ca70       _ssSetPWorkValueFcn        000000018002da70 f   MotionObjectDetector_sfun_registry.obj
 0001:0002caf0       _ssGetPWorkValueFcn        000000018002daf0 f   MotionObjectDetector_sfun_registry.obj
 0001:0002cb60       _ssGetInputPortSignalFcn   000000018002db60 f   MotionObjectDetector_sfun_registry.obj
 0001:0002cef0       _ssGetInputPortBufferDstPortFcn 000000018002def0 f   MotionObjectDetector_sfun_registry.obj
 0001:0002cf70       _ssGetInputPortSignalPtrsFcn 000000018002df70 f   MotionObjectDetector_sfun_registry.obj
 0001:0002d300       ssGetParameterTuningCompliance 000000018002e300 f   MotionObjectDetector_sfun_registry.obj
 0001:0002d370       ssGetDTypeIdFromMxArray    000000018002e370 f   MotionObjectDetector_sfun_registry.obj
 0001:0002d490       ssWriteRTWMx2dMatParam     000000018002e490 f   MotionObjectDetector_sfun_registry.obj
 0001:0002d520       ssWriteRTWMxVectParam      000000018002e520 f   MotionObjectDetector_sfun_registry.obj
 0001:0002d5a0       ssWriteRTWParameters       000000018002e5a0 f   MotionObjectDetector_sfun_registry.obj
 0001:0002db60       ssWriteRTWParamSettings    000000018002eb60 f   MotionObjectDetector_sfun_registry.obj
 0001:0002e250       ssWriteRTWStr              000000018002f250 f   MotionObjectDetector_sfun_registry.obj
 0001:0002e2b0       ssWriteRTWWorkVect         000000018002f2b0 f   MotionObjectDetector_sfun_registry.obj
 0001:0002e810       ssWarning                  000000018002f810 f   MotionObjectDetector_sfun_registry.obj
 0001:0002e900       ssWriteRTWNameValuePair    000000018002f900 f   MotionObjectDetector_sfun_registry.obj
 0001:0002ee00       _ssSetInputPortMatrixDimensions 000000018002fe00 f   MotionObjectDetector_sfun_registry.obj
 0001:0002ef20       _ssSetOutputPortMatrixDimensions 000000018002ff20 f   MotionObjectDetector_sfun_registry.obj
 0001:0002f040       _ssSetInputPortVectorDimension 0000000180030040 f   MotionObjectDetector_sfun_registry.obj
 0001:0002f0f0       _ssSetOutputPortVectorDimension 00000001800300f0 f   MotionObjectDetector_sfun_registry.obj
 0001:0002f1a0       ssIsRunTimeParamTunable    00000001800301a0 f   MotionObjectDetector_sfun_registry.obj
 0001:0002f210       ssGetSFuncBlockHandle      0000000180030210 f   MotionObjectDetector_sfun_registry.obj
 0001:0002f280       _ssGetCurrentInputPortWidth 0000000180030280 f   MotionObjectDetector_sfun_registry.obj
 0001:0002f3a0       _ssGetCurrentOutputPortWidth 00000001800303a0 f   MotionObjectDetector_sfun_registry.obj
 0001:0002f4c0       _ssGetCallSystemNumFcnCallDestinations 00000001800304c0 f   MotionObjectDetector_sfun_registry.obj
 0001:0002f530       ssGetIsZeroCrossControlDisabled 0000000180030530 f   MotionObjectDetector_sfun_registry.obj
 0001:0002f5a0       ssSetIsInputPortUsedForContZcSignal 00000001800305a0 f   MotionObjectDetector_sfun_registry.obj
 0001:0002f610       ssSetZcSignalIsZcElementDisc 0000000180030610 f   MotionObjectDetector_sfun_registry.obj
 0001:0002f6c0       ssSetZcSignalName          00000001800306c0 f   MotionObjectDetector_sfun_registry.obj
 0001:0002f730       ssSetZcSignalWidth         0000000180030730 f   MotionObjectDetector_sfun_registry.obj
 0001:0002f7a0       ssSetZcSignalZcEventType   00000001800307a0 f   MotionObjectDetector_sfun_registry.obj
 0001:0002f810       ssSetZcSignalType          0000000180030810 f   MotionObjectDetector_sfun_registry.obj
 0001:0002f880       ssSetZcSignalZcTol         0000000180030880 f   MotionObjectDetector_sfun_registry.obj
 0001:0002f8f0       ssSetZcSignalNeedsEventNotification 00000001800308f0 f   MotionObjectDetector_sfun_registry.obj
 0001:0002f960       ssCreateAndAddZcSignalInfo 0000000180030960 f   MotionObjectDetector_sfun_registry.obj
 0001:0002f9d0       ssCloneAndAddZcSignalInfo  00000001800309d0 f   MotionObjectDetector_sfun_registry.obj
 0001:0002fa40       ssGetNumZcSignals          0000000180030a40 f   MotionObjectDetector_sfun_registry.obj
 0001:0002fab0       ssGetZcSignalVector        0000000180030ab0 f   MotionObjectDetector_sfun_registry.obj
 0001:0002fb20       ssGetZcSignalName          0000000180030b20 f   MotionObjectDetector_sfun_registry.obj
 0001:0002fb90       ssGetZcSignalWidth         0000000180030b90 f   MotionObjectDetector_sfun_registry.obj
 0001:0002fc00       ssGetZcSignalZcEventType   0000000180030c00 f   MotionObjectDetector_sfun_registry.obj
 0001:0002fc70       ssGetZcSignalZcEvents      0000000180030c70 f   MotionObjectDetector_sfun_registry.obj
 0001:0002fce0       ssGetZcSignalType          0000000180030ce0 f   MotionObjectDetector_sfun_registry.obj
 0001:0002fd50       ssGetZcSignalZcTol         0000000180030d50 f   MotionObjectDetector_sfun_registry.obj
 0001:0002fdd0       ssGetZcSignalNeedsEventNotification 0000000180030dd0 f   MotionObjectDetector_sfun_registry.obj
 0001:0002fe40       ssGetZcSignalIsZcElementDisc 0000000180030e40 f   MotionObjectDetector_sfun_registry.obj
 0001:0002fee0       ssGetIsInputPortElementContinuous 0000000180030ee0 f   MotionObjectDetector_sfun_registry.obj
 0001:0002ff80       _ssGetAbsTol               0000000180030f80 f   MotionObjectDetector_sfun_registry.obj
 0001:0002fff0       _ssSetStateAbsTol          0000000180030ff0 f   MotionObjectDetector_sfun_registry.obj
 0001:000300d0       _ssSetInputPortReusableFcn 00000001800310d0 f   MotionObjectDetector_sfun_registry.obj
 0001:000301d0       _ssSetOutputPortReusableFcn 00000001800311d0 f   MotionObjectDetector_sfun_registry.obj
 0001:000302d0       _ssSetSymbolicDimsSupport  00000001800312d0 f   MotionObjectDetector_sfun_registry.obj
 0001:00030340       _ssRegisterSymbolicDimsExpr 0000000180031340 f   MotionObjectDetector_sfun_registry.obj
 0001:000303c0       _ssRegisterSymbolicDims    00000001800313c0 f   MotionObjectDetector_sfun_registry.obj
 0001:00030460       _ssRegisterSymbolicDimsString 0000000180031460 f   MotionObjectDetector_sfun_registry.obj
 0001:000304e0       _ssRegisterSymbolicDimsIntValue 00000001800314e0 f   MotionObjectDetector_sfun_registry.obj
 0001:00030550       _ssRegisterSymbolicDimsPlus 0000000180031550 f   MotionObjectDetector_sfun_registry.obj
 0001:000305d0       _ssRegisterSymbolicDimsMinus 00000001800315d0 f   MotionObjectDetector_sfun_registry.obj
 0001:00030650       _ssRegisterSymbolicDimsMultiply 0000000180031650 f   MotionObjectDetector_sfun_registry.obj
 0001:000306d0       _ssRegisterSymbolicDimsDivide 00000001800316d0 f   MotionObjectDetector_sfun_registry.obj
 0001:00030750       _ssGetNumSymbolicDims      0000000180031750 f   MotionObjectDetector_sfun_registry.obj
 0001:000307c0       _ssGetSymbolicDim          00000001800317c0 f   MotionObjectDetector_sfun_registry.obj
 0001:00030840       _ssSetInputPortSymbolicDimsId 0000000180031840 f   MotionObjectDetector_sfun_registry.obj
 0001:000308b0       _ssGetCompInputPortSymbolicDimsId 00000001800318b0 f   MotionObjectDetector_sfun_registry.obj
 0001:00030920       _ssSetCompInputPortSymbolicDimsId 0000000180031920 f   MotionObjectDetector_sfun_registry.obj
 0001:00030990       _ssSetOutputPortSymbolicDimsId 0000000180031990 f   MotionObjectDetector_sfun_registry.obj
 0001:00030a00       _ssGetCompOutputPortSymbolicDimsId 0000000180031a00 f   MotionObjectDetector_sfun_registry.obj
 0001:00030a70       _ssSetCompOutputPortSymbolicDimsId 0000000180031a70 f   MotionObjectDetector_sfun_registry.obj
 0001:00030ae0       _ssSetCompDWorkSymbolicDimsId 0000000180031ae0 f   MotionObjectDetector_sfun_registry.obj
 0001:00030b50       sf_process_check_sum_call  0000000180031b50 f   MotionObjectDetector_sfun_registry.obj
 0001:00030ba0       sf_process_get_third_party_uses_info_call 0000000180031ba0 f   MotionObjectDetector_sfun_registry.obj
 0001:00030dd0       sf_process_get_jit_fallback_info_call 0000000180031dd0 f   MotionObjectDetector_sfun_registry.obj
 0001:00031000       sf_process_get_post_codegen_info_call 0000000180032000 f   MotionObjectDetector_sfun_registry.obj
 0001:00031230       sf_process_get_updateBuildInfo_args_info_call 0000000180032230 f   MotionObjectDetector_sfun_registry.obj
 0001:00031460       sf_process_get_eml_resolved_functions_info_call 0000000180032460 f   MotionObjectDetector_sfun_registry.obj
 0001:00031690       sf_mex_unlock_call         0000000180032690 f   MotionObjectDetector_sfun_registry.obj
 0001:000318b0       sf_machine_global_initializer_called 00000001800328b0 f   MotionObjectDetector_sfun_registry.obj
 0001:000318e0       sf_machine_global_method_dispatcher 00000001800328e0 f   MotionObjectDetector_sfun_registry.obj
 0001:00031940       sf_machine_global_terminator 0000000180032940 f   MotionObjectDetector_sfun_registry.obj
 0001:00031970       sf_register_machine_exported_symbols 0000000180032970 f   MotionObjectDetector_sfun_registry.obj
 0001:00031990       callCustomFcn              0000000180032990 f   MotionObjectDetector_sfun_registry.obj
 0001:000319a0       sf_machine_global_initializer 00000001800329a0 f   MotionObjectDetector_sfun_registry.obj
 0001:00031a10       mdlGetSimState             0000000180032a10 f   MotionObjectDetector_sfun_registry.obj
 0001:00031a50       mdlSetSimState             0000000180032a50 f   MotionObjectDetector_sfun_registry.obj
 0001:000322c0       ProcessMexSfunctionEveryCall 00000001800332c0 f   MotionObjectDetector_sfun_registry.obj
 0001:000333d0       __local_stdio_printf_options 00000001800343d0 f i MotionObjectDetector_sfun_registry.obj
 0001:000333e0       _vsnprintf_l               00000001800343e0 f i MotionObjectDetector_sfun_registry.obj
 0001:00033460       _vsprintf_l                0000000180034460 f i MotionObjectDetector_sfun_registry.obj
 0001:000334b0       sprintf                    00000001800344b0 f i MotionObjectDetector_sfun_registry.obj
 0001:00033500       mexfilerequiredapiversion  0000000180034500 f   c_mexapi_version.obj
 0001:00033570       extractSurf_assignOutput   0000000180034570 f   extractSurfCore.obj
 0001:00033700       extractSurf_assignOutputRM 0000000180034700 f   extractSurfCore.obj
 0001:00033890       extractSurf_compute        0000000180034890 f   extractSurfCore.obj
 0001:00033b30       extractSurf_computeRM      0000000180034b30 f   extractSurfCore.obj
 0001:00033dd0       ?keyPoints2Fields@@YAXAEAV?$vector@VKeyPoint@cv@@V?$allocator@VKeyPoint@cv@@@std@@@std@@_NPEAM22PEAC2@Z 0000000180034dd0 f   extractSurfCore.obj
 0001:00033fa0       ?keyPoints2FieldsRM@@YAXAEAV?$vector@VKeyPoint@cv@@V?$allocator@VKeyPoint@cv@@@std@@@std@@_NPEAM22PEAC2@Z 0000000180034fa0 f   extractSurfCore.obj
 0001:00034180       ?struct2KeyPoints@@YAXPEAM00PEACAEAV?$vector@VKeyPoint@cv@@V?$allocator@VKeyPoint@cv@@@std@@@std@@H@Z 0000000180035180 f   extractSurfCore.obj
 0001:00034330       ?struct2KeyPointsRM@@YAXPEAM00PEACAEAV?$vector@VKeyPoint@cv@@V?$allocator@VKeyPoint@cv@@@std@@@std@@H@Z 0000000180035330 f   extractSurfCore.obj
 0001:000344f0       ??$?0$$V@?$_Compressed_pair@U?$_Wrap_alloc@V?$allocator@VKeyPoint@cv@@@std@@@std@@V?$_Vector_val@U?$_Simple_types@VKeyPoint@cv@@@std@@@2@$00@std@@QEAA@U_Zero_then_variadic_args_t@1@@Z 00000001800354f0 f i extractSurfCore.obj
 0001:00034520       ??$?0U?$_Wrap_alloc@V?$allocator@VKeyPoint@cv@@@std@@@std@@$$V@?$_Compressed_pair@U?$_Wrap_alloc@V?$allocator@VKeyPoint@cv@@@std@@@std@@V?$_Vector_val@U?$_Simple_types@VKeyPoint@cv@@@std@@@2@$00@std@@QEAA@U_One_then_variadic_args_t@1@$$QEAU?$_Wrap_alloc@V?$allocator@VKeyPoint@cv@@@std@@@1@@Z 0000000180035520 f i extractSurfCore.obj
 0001:00034560       ??$?0U?$_Wrap_alloc@V?$allocator@VKeyPoint@cv@@@std@@@std@@X@?$_Vector_alloc@U?$_Vec_base_types@VKeyPoint@cv@@V?$allocator@VKeyPoint@cv@@@std@@@std@@@std@@QEAA@$$QEAU?$_Wrap_alloc@V?$allocator@VKeyPoint@cv@@@std@@@1@@Z 0000000180035560 f i extractSurfCore.obj
 0001:000345a0       ??$?0U?$integral_constant@_N$00@std@@@_Any_tag@std@@QEAA@$$QEAU?$integral_constant@_N$00@1@@Z 00000001800355a0 f i extractSurfCore.obj
 0001:000345b0       ??$?0V?$allocator@VKeyPoint@cv@@@std@@@?$_Wrap_alloc@V?$allocator@VKeyPoint@cv@@@std@@@std@@QEAA@$$QEAV?$allocator@VKeyPoint@cv@@@1@@Z 00000001800355b0 f i extractSurfCore.obj
 0001:000345e0       ??$?0VMWSURF@cv@@@?$Ptr@VMWSURF@cv@@@cv@@QEAA@PEAVMWSURF@1@@Z 00000001800355e0 f i extractSurfCore.obj
 0001:00034680       ??$?6U?$char_traits@D@std@@@std@@YAAEAV?$basic_ostream@DU?$char_traits@D@std@@@0@AEAV10@PEBD@Z 0000000180035680 f i extractSurfCore.obj
 0001:00034a40       ??$_Destroy_range1@V?$allocator@VKeyPoint@cv@@@std@@PEAVKeyPoint@cv@@@std@@YAXPEAVKeyPoint@cv@@0AEAU?$_Wrap_alloc@V?$allocator@VKeyPoint@cv@@@std@@@0@U?$integral_constant@_N$00@0@@Z 0000000180035a40 f i extractSurfCore.obj
 0001:00034a60       ??$_Destroy_range@V?$allocator@VKeyPoint@cv@@@std@@PEAVKeyPoint@cv@@@std@@YAXPEAVKeyPoint@cv@@0AEAU?$_Wrap_alloc@V?$allocator@VKeyPoint@cv@@@std@@@0@@Z 0000000180035a60 f i extractSurfCore.obj
 0001:00034aa0       ??$_Emplace_back_with_unused_capacity@AEBVKeyPoint@cv@@@?$vector@VKeyPoint@cv@@V?$allocator@VKeyPoint@cv@@@std@@@std@@AEAAXAEBVKeyPoint@cv@@@Z 0000000180035aa0 f i extractSurfCore.obj
 0001:00034b50       ??$_Ptr_copy_cat@VKeyPoint@cv@@V12@@std@@YA?AU_General_ptr_iterator_tag@0@AEBQEAVKeyPoint@cv@@0@Z 0000000180035b50 f i extractSurfCore.obj
 0001:00034b80       ??$_Rechecked@PEAVKeyPoint@cv@@PEAV12@@std@@YAAEAPEAVKeyPoint@cv@@AEAPEAV12@PEAV12@@Z 0000000180035b80 f i extractSurfCore.obj
 0001:00034ba0       ??$_Ucopy@PEAVKeyPoint@cv@@@?$vector@VKeyPoint@cv@@V?$allocator@VKeyPoint@cv@@@std@@@std@@AEAAPEAVKeyPoint@cv@@PEAV23@00@Z 0000000180035ba0 f i extractSurfCore.obj
 0001:00034be0       ??$_Unchecked@PEAVKeyPoint@cv@@@std@@YAPEAVKeyPoint@cv@@PEAV12@@Z 0000000180035be0 f i extractSurfCore.obj
 0001:00034bf0       ??$_Unfancy@VKeyPoint@cv@@@std@@YAPEAVKeyPoint@cv@@PEAV12@@Z 0000000180035bf0 f i extractSurfCore.obj
 0001:00034c00       ??$_Uninitialized_copy@PEAVKeyPoint@cv@@PEAV12@V?$allocator@VKeyPoint@cv@@@std@@@std@@YAPEAVKeyPoint@cv@@PEAV12@00AEAU?$_Wrap_alloc@V?$allocator@VKeyPoint@cv@@@std@@@0@@Z 0000000180035c00 f i extractSurfCore.obj
 0001:00034cc0       ??$_Uninitialized_copy_al_unchecked@PEAVKeyPoint@cv@@PEAV12@V?$allocator@VKeyPoint@cv@@@std@@@std@@YAPEAVKeyPoint@cv@@PEAV12@00AEAU?$_Wrap_alloc@V?$allocator@VKeyPoint@cv@@@std@@@0@U_General_ptr_iterator_tag@0@U_Any_tag@0@@Z 0000000180035cc0 f i extractSurfCore.obj
 0001:00034d50       ??$cArrayFromMat@M@@YAXPEAMAEBVMat@cv@@@Z 0000000180035d50 f i extractSurfCore.obj
 0001:00034f70       ??$cArrayFromMat_RowMaj@M@@YAXPEAMAEBVMat@cv@@@Z 0000000180035f70 f i extractSurfCore.obj
 0001:000350a0       ??$construct@VKeyPoint@cv@@AEAV12@@?$_Wrap_alloc@V?$allocator@VKeyPoint@cv@@@std@@@std@@QEAAXPEAVKeyPoint@cv@@AEAV23@@Z 00000001800360a0 f i extractSurfCore.obj
 0001:000350e0       ??$construct@VKeyPoint@cv@@AEAV12@@?$allocator@VKeyPoint@cv@@@std@@QEAAXPEAVKeyPoint@cv@@AEAV23@@Z 00000001800360e0 f i extractSurfCore.obj
 0001:00035150       ??$construct@VKeyPoint@cv@@AEAV12@@?$allocator_traits@V?$allocator@VKeyPoint@cv@@@std@@@std@@SAXAEAV?$allocator@VKeyPoint@cv@@@1@PEAVKeyPoint@cv@@AEAV34@@Z 0000000180036150 f i extractSurfCore.obj
 0001:00035190       ??$construct@VKeyPoint@cv@@AEBV12@@?$_Wrap_alloc@V?$allocator@VKeyPoint@cv@@@std@@@std@@QEAAXPEAVKeyPoint@cv@@AEBV23@@Z 0000000180036190 f i extractSurfCore.obj
 0001:000351d0       ??$construct@VKeyPoint@cv@@AEBV12@@?$allocator@VKeyPoint@cv@@@std@@QEAAXPEAVKeyPoint@cv@@AEBV23@@Z 00000001800361d0 f i extractSurfCore.obj
 0001:00035240       ??$construct@VKeyPoint@cv@@AEBV12@@?$allocator_traits@V?$allocator@VKeyPoint@cv@@@std@@@std@@SAXAEAV?$allocator@VKeyPoint@cv@@@1@PEAVKeyPoint@cv@@AEBV34@@Z 0000000180036240 f i extractSurfCore.obj
 0001:00035280       ??$copyToArrayBGR_RowMaj@M@@YAXPEAM0HHH@Z 0000000180036280 f i extractSurfCore.obj
 0001:00035320       ??$copyToArray_RowMaj@M@@YAXPEAM0HH@Z 0000000180036320 f i extractSurfCore.obj
 0001:00035360       ??$destroy@VKeyPoint@cv@@@?$_Wrap_alloc@V?$allocator@VKeyPoint@cv@@@std@@@std@@QEAAXPEAVKeyPoint@cv@@@Z 0000000180036360 f i extractSurfCore.obj
 0001:00035390       ??$destroy@VKeyPoint@cv@@@?$allocator@VKeyPoint@cv@@@std@@QEAAXPEAVKeyPoint@cv@@@Z 0000000180036390 f i extractSurfCore.obj
 0001:000353a0       ??$destroy@VKeyPoint@cv@@@?$allocator_traits@V?$allocator@VKeyPoint@cv@@@std@@@std@@SAXAEAV?$allocator@VKeyPoint@cv@@@1@PEAVKeyPoint@cv@@@Z 00000001800363a0 f i extractSurfCore.obj
 0001:000353d0       ??$emplace_back@AEBVKeyPoint@cv@@@?$vector@VKeyPoint@cv@@V?$allocator@VKeyPoint@cv@@@std@@@std@@QEAAXAEBVKeyPoint@cv@@@Z 00000001800363d0 f i extractSurfCore.obj
 0001:00035550       ??$forward@AEAVKeyPoint@cv@@@std@@YAAEAVKeyPoint@cv@@AEAV12@@Z 0000000180036550 f i extractSurfCore.obj
 0001:00035560       ??$forward@AEBVKeyPoint@cv@@@std@@YAAEBVKeyPoint@cv@@AEBV12@@Z 0000000180036560 f i extractSurfCore.obj
 0001:00035570       ??$forward@U?$_Wrap_alloc@V?$allocator@VKeyPoint@cv@@@std@@@std@@@std@@YA$$QEAU?$_Wrap_alloc@V?$allocator@VKeyPoint@cv@@@std@@@0@AEAU10@@Z 0000000180036570 f i extractSurfCore.obj
 0001:00035580       ??$forward@V?$allocator@VKeyPoint@cv@@@std@@@std@@YA$$QEAV?$allocator@VKeyPoint@cv@@@0@AEAV10@@Z 0000000180036580 f i extractSurfCore.obj
 0001:00035590       ??$makePtr@VMWSURF@cv@@@cv@@YA?AU?$Ptr@VMWSURF@cv@@@0@XZ 0000000180036590 f i extractSurfCore.obj
 0001:00035610       ??$move@AEAU?$_Wrap_alloc@V?$allocator@VKeyPoint@cv@@@std@@@std@@@std@@YA$$QEAU?$_Wrap_alloc@V?$allocator@VKeyPoint@cv@@@std@@@0@AEAU10@@Z 0000000180036610 f i extractSurfCore.obj
 0001:00035620       ??0?$Point_@M@cv@@QEAA@AEBV01@@Z 0000000180036620 f i extractSurfCore.obj
 0001:00035660       ??0?$Point_@M@cv@@QEAA@MM@Z 0000000180036660 f i extractSurfCore.obj
 0001:000356a0       ??0?$PtrOwnerImpl@VMWSURF@cv@@U?$DefaultDeleter@VMWSURF@cv@@@2@@detail@cv@@QEAA@PEAVMWSURF@2@U?$DefaultDeleter@VMWSURF@cv@@@2@@Z 00000001800366a0 f i extractSurfCore.obj
 0001:000356f0       ??0?$Size_@H@cv@@QEAA@HH@Z 00000001800366f0 f i extractSurfCore.obj
 0001:00035720       ??0?$_Vector_alloc@U?$_Vec_base_types@VKeyPoint@cv@@V?$allocator@VKeyPoint@cv@@@std@@@std@@@std@@QEAA@XZ 0000000180036720 f i extractSurfCore.obj
 0001:00035750       ??0?$_Vector_val@U?$_Simple_types@VKeyPoint@cv@@@std@@@std@@QEAA@XZ 0000000180036750 f i extractSurfCore.obj
 0001:00035790       ??0?$_Wrap_alloc@V?$allocator@VKeyPoint@cv@@@std@@@std@@QEAA@$$QEAU01@@Z 0000000180036790 f i extractSurfCore.obj
 0001:000357c0       ??0?$_Wrap_alloc@V?$allocator@VKeyPoint@cv@@@std@@@std@@QEAA@XZ 00000001800367c0 f i extractSurfCore.obj
 0001:000357e0       ??0?$allocator@VKeyPoint@cv@@@std@@QEAA@AEBV01@@Z 00000001800367e0 f i extractSurfCore.obj
 0001:000357f0       ??0?$allocator@VKeyPoint@cv@@@std@@QEAA@XZ 00000001800367f0 f i extractSurfCore.obj
 0001:00035800       ??0?$big_any_policy@Uempty_any@anyimpl@cvflann@@@anyimpl@cvflann@@QEAA@XZ 0000000180036800 f i extractSurfCore.obj
 0001:00035830       ??0?$big_any_policy@VString@cv@@@anyimpl@cvflann@@QEAA@XZ 0000000180036830 f i extractSurfCore.obj
 0001:00035860       ??0?$big_any_policy@W4flann_algorithm_t@cvflann@@@anyimpl@cvflann@@QEAA@XZ 0000000180036860 f i extractSurfCore.obj
 0001:00035890       ??0?$big_any_policy@W4flann_centers_init_t@cvflann@@@anyimpl@cvflann@@QEAA@XZ 0000000180036890 f i extractSurfCore.obj
 0001:000358c0       ??0?$small_any_policy@H@anyimpl@cvflann@@QEAA@XZ 00000001800368c0 f i extractSurfCore.obj
 0001:000358f0       ??0?$small_any_policy@I@anyimpl@cvflann@@QEAA@XZ 00000001800368f0 f i extractSurfCore.obj
 0001:00035920       ??0?$small_any_policy@M@anyimpl@cvflann@@QEAA@XZ 0000000180036920 f i extractSurfCore.obj
 0001:00035950       ??0?$small_any_policy@PEBD@anyimpl@cvflann@@QEAA@XZ 0000000180036950 f i extractSurfCore.obj
 0001:00035980       ??0?$small_any_policy@_N@anyimpl@cvflann@@QEAA@XZ 0000000180036980 f i extractSurfCore.obj
 0001:000359b0       ??0?$typed_base_any_policy@H@anyimpl@cvflann@@QEAA@XZ 00000001800369b0 f i extractSurfCore.obj
 0001:000359e0       ??0?$typed_base_any_policy@I@anyimpl@cvflann@@QEAA@XZ 00000001800369e0 f i extractSurfCore.obj
 0001:00035a10       ??0?$typed_base_any_policy@M@anyimpl@cvflann@@QEAA@XZ 0000000180036a10 f i extractSurfCore.obj
 0001:00035a40       ??0?$typed_base_any_policy@PEBD@anyimpl@cvflann@@QEAA@XZ 0000000180036a40 f i extractSurfCore.obj
 0001:00035a70       ??0?$typed_base_any_policy@Uempty_any@anyimpl@cvflann@@@anyimpl@cvflann@@QEAA@XZ 0000000180036a70 f i extractSurfCore.obj
 0001:00035aa0       ??0?$typed_base_any_policy@VString@cv@@@anyimpl@cvflann@@QEAA@XZ 0000000180036aa0 f i extractSurfCore.obj
 0001:00035ad0       ??0?$typed_base_any_policy@W4flann_algorithm_t@cvflann@@@anyimpl@cvflann@@QEAA@XZ 0000000180036ad0 f i extractSurfCore.obj
 0001:00035b00       ??0?$typed_base_any_policy@W4flann_centers_init_t@cvflann@@@anyimpl@cvflann@@QEAA@XZ 0000000180036b00 f i extractSurfCore.obj
 0001:00035b30       ??0?$typed_base_any_policy@_N@anyimpl@cvflann@@QEAA@XZ 0000000180036b30 f i extractSurfCore.obj
 0001:00035b60       ??0?$vector@VKeyPoint@cv@@V?$allocator@VKeyPoint@cv@@@std@@@std@@QEAA@AEBV01@@Z 0000000180036b60 f i extractSurfCore.obj
 0001:00035c30       ??0?$vector@VKeyPoint@cv@@V?$allocator@VKeyPoint@cv@@@std@@@std@@QEAA@XZ 0000000180036c30 f i extractSurfCore.obj
 0001:00035c60       ??0KeyPoint@cv@@QEAA@AEBV01@@Z 0000000180036c60 f i extractSurfCore.obj
 0001:00035cf0       ??0KeyPoint@cv@@QEAA@MMMMMHH@Z 0000000180036cf0 f i extractSurfCore.obj
 0001:00035d80       ??0Mat@cv@@QEAA@AEBV01@@Z  0000000180036d80 f i extractSurfCore.obj
 0001:00035f20       ??0Mat@cv@@QEAA@HHHPEAX_K@Z 0000000180036f20 f i extractSurfCore.obj
 0001:00036280       ??0Mat@cv@@QEAA@XZ         0000000180037280 f i extractSurfCore.obj
 0001:00036340       ??0MatSize@cv@@QEAA@PEAH@Z 0000000180037340 f i extractSurfCore.obj
 0001:00036360       ??0MatStep@cv@@QEAA@XZ     0000000180037360 f i extractSurfCore.obj
 0001:000363b0       ??0MatStep@cv@@QEAA@_K@Z   00000001800373b0 f i extractSurfCore.obj
 0001:00036410       ??0PtrOwner@detail@cv@@QEAA@XZ 0000000180037410 f i extractSurfCore.obj
 0001:00036440       ??0String@cv@@QEAA@AEBV01@@Z 0000000180037440 f i extractSurfCore.obj
 0001:00036490       ??0String@cv@@QEAA@PEBD@Z  0000000180037490 f i extractSurfCore.obj
 0001:00036510       ??0_Sentry_base@?$basic_ostream@DU?$char_traits@D@std@@@std@@QEAA@AEAV12@@Z 0000000180037510 f i extractSurfCore.obj
 0001:000365b0       ??0base_any_policy@anyimpl@cvflann@@QEAA@XZ 00000001800375b0 f i extractSurfCore.obj
 0001:000365d0       ??0sentry@?$basic_ostream@DU?$char_traits@D@std@@@std@@QEAA@AEAV12@@Z 00000001800375d0 f i extractSurfCore.obj
 0001:000366d0       ??1?$Ptr@VMWSURF@cv@@@cv@@QEAA@XZ 00000001800376d0 f i extractSurfCore.obj
 0001:00036700       ??1?$PtrOwnerImpl@VMWSURF@cv@@U?$DefaultDeleter@VMWSURF@cv@@@2@@detail@cv@@UEAA@XZ 0000000180037700 f i extractSurfCore.obj
 0001:00036720       ??1?$big_any_policy@Uempty_any@anyimpl@cvflann@@@anyimpl@cvflann@@UEAA@XZ 0000000180037720 f i extractSurfCore.obj
 0001:00036740       ??1?$big_any_policy@VString@cv@@@anyimpl@cvflann@@UEAA@XZ 0000000180037740 f i extractSurfCore.obj
 0001:00036760       ??1?$big_any_policy@W4flann_algorithm_t@cvflann@@@anyimpl@cvflann@@UEAA@XZ 0000000180037760 f i extractSurfCore.obj
 0001:00036780       ??1?$big_any_policy@W4flann_centers_init_t@cvflann@@@anyimpl@cvflann@@UEAA@XZ 0000000180037780 f i extractSurfCore.obj
 0001:000367a0       ??1?$small_any_policy@H@anyimpl@cvflann@@UEAA@XZ 00000001800377a0 f i extractSurfCore.obj
 0001:000367c0       ??1?$small_any_policy@I@anyimpl@cvflann@@UEAA@XZ 00000001800377c0 f i extractSurfCore.obj
 0001:000367e0       ??1?$small_any_policy@M@anyimpl@cvflann@@UEAA@XZ 00000001800377e0 f i extractSurfCore.obj
 0001:00036800       ??1?$small_any_policy@PEBD@anyimpl@cvflann@@UEAA@XZ 0000000180037800 f i extractSurfCore.obj
 0001:00036820       ??1?$small_any_policy@_N@anyimpl@cvflann@@UEAA@XZ 0000000180037820 f i extractSurfCore.obj
 0001:00036840       ??1?$typed_base_any_policy@H@anyimpl@cvflann@@UEAA@XZ 0000000180037840 f i extractSurfCore.obj
 0001:00036860       ??1?$typed_base_any_policy@I@anyimpl@cvflann@@UEAA@XZ 0000000180037860 f i extractSurfCore.obj
 0001:00036880       ??1?$typed_base_any_policy@M@anyimpl@cvflann@@UEAA@XZ 0000000180037880 f i extractSurfCore.obj
 0001:000368a0       ??1?$typed_base_any_policy@PEBD@anyimpl@cvflann@@UEAA@XZ 00000001800378a0 f i extractSurfCore.obj
 0001:000368c0       ??1?$typed_base_any_policy@Uempty_any@anyimpl@cvflann@@@anyimpl@cvflann@@UEAA@XZ 00000001800378c0 f i extractSurfCore.obj
 0001:000368e0       ??1?$typed_base_any_policy@VString@cv@@@anyimpl@cvflann@@UEAA@XZ 00000001800378e0 f i extractSurfCore.obj
 0001:00036900       ??1?$typed_base_any_policy@W4flann_algorithm_t@cvflann@@@anyimpl@cvflann@@UEAA@XZ 0000000180037900 f i extractSurfCore.obj
 0001:00036920       ??1?$typed_base_any_policy@W4flann_centers_init_t@cvflann@@@anyimpl@cvflann@@UEAA@XZ 0000000180037920 f i extractSurfCore.obj
 0001:00036940       ??1?$typed_base_any_policy@_N@anyimpl@cvflann@@UEAA@XZ 0000000180037940 f i extractSurfCore.obj
 0001:00036960       ??1?$vector@VKeyPoint@cv@@V?$allocator@VKeyPoint@cv@@@std@@@std@@QEAA@XZ 0000000180037960 f i extractSurfCore.obj
 0001:00036990       ??1Mat@cv@@QEAA@XZ         0000000180037990 f i extractSurfCore.obj
 0001:000369e0       ??1PtrOwner@detail@cv@@MEAA@XZ 00000001800379e0 f i extractSurfCore.obj
 0001:00036a00       ??1String@cv@@QEAA@XZ      0000000180037a00 f i extractSurfCore.obj
 0001:00036a30       ??1_Sentry_base@?$basic_ostream@DU?$char_traits@D@std@@@std@@QEAA@XZ 0000000180037a30 f i extractSurfCore.obj
 0001:00036ac0       ??1base_any_policy@anyimpl@cvflann@@UEAA@XZ 0000000180037ac0 f i extractSurfCore.obj
 0001:00036ae0       ??1sentry@?$basic_ostream@DU?$char_traits@D@std@@@std@@QEAA@XZ 0000000180037ae0 f i extractSurfCore.obj
 0001:00036b20       ??2@YAPEAX_KPEAX@Z         0000000180037b20 f i extractSurfCore.obj
 0001:00036b30       ??3@YAXPEAX0@Z             0000000180037b30 f i extractSurfCore.obj
 0001:00036b40       ??4String@cv@@QEAAAEAV01@AEBV01@@Z 0000000180037b40 f i extractSurfCore.obj
 0001:00036bc0       ??6anyimpl@cvflann@@YAAEAV?$basic_ostream@DU?$char_traits@D@std@@@std@@AEAV23@AEBUempty_any@01@@Z 0000000180037bc0 f i extractSurfCore.obj
 0001:00036bf0       ??A?$vector@VKeyPoint@cv@@V?$allocator@VKeyPoint@cv@@@std@@@std@@QEAAAEAVKeyPoint@cv@@_K@Z 0000000180037bf0 f i extractSurfCore.obj
 0001:00036c20       ??AMatSize@cv@@QEBAAEBHH@Z 0000000180037c20 f i extractSurfCore.obj
 0001:00036c40       ??AMatStep@cv@@QEAAAEA_KH@Z 0000000180037c40 f i extractSurfCore.obj
 0001:00036c60       ??AMatStep@cv@@QEBAAEB_KH@Z 0000000180037c60 f i extractSurfCore.obj
 0001:00036c80       ??Bsentry@?$basic_ostream@DU?$char_traits@D@std@@@std@@QEBA_NXZ 0000000180037c80 f i extractSurfCore.obj
 0001:00036c90       ??C?$Ptr@VMWSURF@cv@@@cv@@QEBAPEAVMWSURF@1@XZ 0000000180037c90 f i extractSurfCore.obj
 0001:00036ca0       ??R?$DefaultDeleter@VMWSURF@cv@@@cv@@QEBAXPEAVMWSURF@1@@Z 0000000180037ca0 f i extractSurfCore.obj
 0001:00036d20       ??RMatSize@cv@@QEBA?AV?$Size_@H@1@XZ 0000000180037d20 f i extractSurfCore.obj
 0001:00036d80       ??_G?$PtrOwnerImpl@VMWSURF@cv@@U?$DefaultDeleter@VMWSURF@cv@@@2@@detail@cv@@UEAAPEAXI@Z 0000000180037d80 f i extractSurfCore.obj
 0001:00036d80       ??_E?$PtrOwnerImpl@VMWSURF@cv@@U?$DefaultDeleter@VMWSURF@cv@@@2@@detail@cv@@UEAAPEAXI@Z 0000000180037d80 f i extractSurfCore.obj
 0001:00036dc0       ??_G?$big_any_policy@Uempty_any@anyimpl@cvflann@@@anyimpl@cvflann@@UEAAPEAXI@Z 0000000180037dc0 f i extractSurfCore.obj
 0001:00036dc0       ??_E?$big_any_policy@Uempty_any@anyimpl@cvflann@@@anyimpl@cvflann@@UEAAPEAXI@Z 0000000180037dc0 f i extractSurfCore.obj
 0001:00036e00       ??_E?$big_any_policy@VString@cv@@@anyimpl@cvflann@@UEAAPEAXI@Z 0000000180037e00 f i extractSurfCore.obj
 0001:00036e00       ??_G?$big_any_policy@VString@cv@@@anyimpl@cvflann@@UEAAPEAXI@Z 0000000180037e00 f i extractSurfCore.obj
 0001:00036e40       ??_E?$big_any_policy@W4flann_algorithm_t@cvflann@@@anyimpl@cvflann@@UEAAPEAXI@Z 0000000180037e40 f i extractSurfCore.obj
 0001:00036e40       ??_G?$big_any_policy@W4flann_algorithm_t@cvflann@@@anyimpl@cvflann@@UEAAPEAXI@Z 0000000180037e40 f i extractSurfCore.obj
 0001:00036e80       ??_G?$big_any_policy@W4flann_centers_init_t@cvflann@@@anyimpl@cvflann@@UEAAPEAXI@Z 0000000180037e80 f i extractSurfCore.obj
 0001:00036e80       ??_E?$big_any_policy@W4flann_centers_init_t@cvflann@@@anyimpl@cvflann@@UEAAPEAXI@Z 0000000180037e80 f i extractSurfCore.obj
 0001:00036ec0       ??_G?$small_any_policy@H@anyimpl@cvflann@@UEAAPEAXI@Z 0000000180037ec0 f i extractSurfCore.obj
 0001:00036ec0       ??_E?$small_any_policy@H@anyimpl@cvflann@@UEAAPEAXI@Z 0000000180037ec0 f i extractSurfCore.obj
 0001:00036f00       ??_E?$small_any_policy@I@anyimpl@cvflann@@UEAAPEAXI@Z 0000000180037f00 f i extractSurfCore.obj
 0001:00036f00       ??_G?$small_any_policy@I@anyimpl@cvflann@@UEAAPEAXI@Z 0000000180037f00 f i extractSurfCore.obj
 0001:00036f40       ??_E?$small_any_policy@M@anyimpl@cvflann@@UEAAPEAXI@Z 0000000180037f40 f i extractSurfCore.obj
 0001:00036f40       ??_G?$small_any_policy@M@anyimpl@cvflann@@UEAAPEAXI@Z 0000000180037f40 f i extractSurfCore.obj
 0001:00036f80       ??_E?$small_any_policy@PEBD@anyimpl@cvflann@@UEAAPEAXI@Z 0000000180037f80 f i extractSurfCore.obj
 0001:00036f80       ??_G?$small_any_policy@PEBD@anyimpl@cvflann@@UEAAPEAXI@Z 0000000180037f80 f i extractSurfCore.obj
 0001:00036fc0       ??_E?$small_any_policy@_N@anyimpl@cvflann@@UEAAPEAXI@Z 0000000180037fc0 f i extractSurfCore.obj
 0001:00036fc0       ??_G?$small_any_policy@_N@anyimpl@cvflann@@UEAAPEAXI@Z 0000000180037fc0 f i extractSurfCore.obj
 0001:00037000       ??_E?$typed_base_any_policy@H@anyimpl@cvflann@@UEAAPEAXI@Z 0000000180038000 f i extractSurfCore.obj
 0001:00037000       ??_G?$typed_base_any_policy@H@anyimpl@cvflann@@UEAAPEAXI@Z 0000000180038000 f i extractSurfCore.obj
 0001:00037040       ??_G?$typed_base_any_policy@I@anyimpl@cvflann@@UEAAPEAXI@Z 0000000180038040 f i extractSurfCore.obj
 0001:00037040       ??_E?$typed_base_any_policy@I@anyimpl@cvflann@@UEAAPEAXI@Z 0000000180038040 f i extractSurfCore.obj
 0001:00037080       ??_G?$typed_base_any_policy@M@anyimpl@cvflann@@UEAAPEAXI@Z 0000000180038080 f i extractSurfCore.obj
 0001:00037080       ??_E?$typed_base_any_policy@M@anyimpl@cvflann@@UEAAPEAXI@Z 0000000180038080 f i extractSurfCore.obj
 0001:000370c0       ??_G?$typed_base_any_policy@PEBD@anyimpl@cvflann@@UEAAPEAXI@Z 00000001800380c0 f i extractSurfCore.obj
 0001:000370c0       ??_E?$typed_base_any_policy@PEBD@anyimpl@cvflann@@UEAAPEAXI@Z 00000001800380c0 f i extractSurfCore.obj
 0001:00037100       ??_E?$typed_base_any_policy@Uempty_any@anyimpl@cvflann@@@anyimpl@cvflann@@UEAAPEAXI@Z 0000000180038100 f i extractSurfCore.obj
 0001:00037100       ??_G?$typed_base_any_policy@Uempty_any@anyimpl@cvflann@@@anyimpl@cvflann@@UEAAPEAXI@Z 0000000180038100 f i extractSurfCore.obj
 0001:00037140       ??_E?$typed_base_any_policy@VString@cv@@@anyimpl@cvflann@@UEAAPEAXI@Z 0000000180038140 f i extractSurfCore.obj
 0001:00037140       ??_G?$typed_base_any_policy@VString@cv@@@anyimpl@cvflann@@UEAAPEAXI@Z 0000000180038140 f i extractSurfCore.obj
 0001:00037180       ??_E?$typed_base_any_policy@W4flann_algorithm_t@cvflann@@@anyimpl@cvflann@@UEAAPEAXI@Z 0000000180038180 f i extractSurfCore.obj
 0001:00037180       ??_G?$typed_base_any_policy@W4flann_algorithm_t@cvflann@@@anyimpl@cvflann@@UEAAPEAXI@Z 0000000180038180 f i extractSurfCore.obj
 0001:000371c0       ??_G?$typed_base_any_policy@W4flann_centers_init_t@cvflann@@@anyimpl@cvflann@@UEAAPEAXI@Z 00000001800381c0 f i extractSurfCore.obj
 0001:000371c0       ??_E?$typed_base_any_policy@W4flann_centers_init_t@cvflann@@@anyimpl@cvflann@@UEAAPEAXI@Z 00000001800381c0 f i extractSurfCore.obj
 0001:00037200       ??_G?$typed_base_any_policy@_N@anyimpl@cvflann@@UEAAPEAXI@Z 0000000180038200 f i extractSurfCore.obj
 0001:00037200       ??_E?$typed_base_any_policy@_N@anyimpl@cvflann@@UEAAPEAXI@Z 0000000180038200 f i extractSurfCore.obj
 0001:00037240       ??_G?$vector@VKeyPoint@cv@@V?$allocator@VKeyPoint@cv@@@std@@@std@@QEAAPEAXI@Z 0000000180038240 f i extractSurfCore.obj
 0001:00037280       ??_GMat@cv@@QEAAPEAXI@Z    0000000180038280 f i extractSurfCore.obj
 0001:000372c0       ??_GPtrOwner@detail@cv@@MEAAPEAXI@Z 00000001800382c0 f i extractSurfCore.obj
 0001:000372c0       ??_EPtrOwner@detail@cv@@MEAAPEAXI@Z 00000001800382c0 f i extractSurfCore.obj
 0001:00037300       ??_GString@cv@@QEAAPEAXI@Z 0000000180038300 f i extractSurfCore.obj
 0001:00037340       ??_Gbase_any_policy@anyimpl@cvflann@@UEAAPEAXI@Z 0000000180038340 f i extractSurfCore.obj
 0001:00037340       ??_Ebase_any_policy@anyimpl@cvflann@@UEAAPEAXI@Z 0000000180038340 f i extractSurfCore.obj
 0001:00037380       ?_Allocate@std@@YAPEAX_K0_N@Z 0000000180038380 f i extractSurfCore.obj
 0001:00037480       ?_Buy@?$vector@VKeyPoint@cv@@V?$allocator@VKeyPoint@cv@@@std@@@std@@AEAA_N_K@Z 0000000180038480 f i extractSurfCore.obj
 0001:00037570       ?_Calculate_growth@?$vector@VKeyPoint@cv@@V?$allocator@VKeyPoint@cv@@@std@@@std@@AEBA_K_K@Z 0000000180038570 f i extractSurfCore.obj
 0001:00037600       ?_Change_array@?$vector@VKeyPoint@cv@@V?$allocator@VKeyPoint@cv@@@std@@@std@@AEAAXQEAVKeyPoint@cv@@_K1@Z 0000000180038600 f i extractSurfCore.obj
 0001:00037740       ?_Deallocate@std@@YAXPEAX_K1@Z 0000000180038740 f i extractSurfCore.obj
 0001:00037830       ?_Destroy@?$vector@VKeyPoint@cv@@V?$allocator@VKeyPoint@cv@@@std@@@std@@AEAAXPEAVKeyPoint@cv@@0@Z 0000000180038830 f i extractSurfCore.obj
 0001:00037870       ?_Get_data@?$_Vector_alloc@U?$_Vec_base_types@VKeyPoint@cv@@V?$allocator@VKeyPoint@cv@@@std@@@std@@@std@@QEAAAEAV?$_Vector_val@U?$_Simple_types@VKeyPoint@cv@@@std@@@2@XZ 0000000180038870 f i extractSurfCore.obj
 0001:00037890       ?_Get_data@?$_Vector_alloc@U?$_Vec_base_types@VKeyPoint@cv@@V?$allocator@VKeyPoint@cv@@@std@@@std@@@std@@QEBAAEBV?$_Vector_val@U?$_Simple_types@VKeyPoint@cv@@@std@@@2@XZ 0000000180038890 f i extractSurfCore.obj
 0001:000378b0       ?_Get_first@?$_Compressed_pair@U?$_Wrap_alloc@V?$allocator@VKeyPoint@cv@@@std@@@std@@V?$_Vector_val@U?$_Simple_types@VKeyPoint@cv@@@std@@@2@$00@std@@QEAAAEAU?$_Wrap_alloc@V?$allocator@VKeyPoint@cv@@@std@@@2@XZ 00000001800388b0 f i extractSurfCore.obj
 0001:000378c0       ?_Get_first@?$_Compressed_pair@U?$_Wrap_alloc@V?$allocator@VKeyPoint@cv@@@std@@@std@@V?$_Vector_val@U?$_Simple_types@VKeyPoint@cv@@@std@@@2@$00@std@@QEBAAEBU?$_Wrap_alloc@V?$allocator@VKeyPoint@cv@@@std@@@2@XZ 00000001800388c0 f i extractSurfCore.obj
 0001:000378d0       ?_Get_second@?$_Compressed_pair@U?$_Wrap_alloc@V?$allocator@VKeyPoint@cv@@@std@@@std@@V?$_Vector_val@U?$_Simple_types@VKeyPoint@cv@@@std@@@2@$00@std@@QEAAAEAV?$_Vector_val@U?$_Simple_types@VKeyPoint@cv@@@std@@@2@XZ 00000001800388d0 f i extractSurfCore.obj
 0001:000378e0       ?_Get_second@?$_Compressed_pair@U?$_Wrap_alloc@V?$allocator@VKeyPoint@cv@@@std@@@std@@V?$_Vector_val@U?$_Simple_types@VKeyPoint@cv@@@std@@@2@$00@std@@QEBAAEBV?$_Vector_val@U?$_Simple_types@VKeyPoint@cv@@@std@@@2@XZ 00000001800388e0 f i extractSurfCore.obj
 0001:000378f0       ?_Getal@?$_Vector_alloc@U?$_Vec_base_types@VKeyPoint@cv@@V?$allocator@VKeyPoint@cv@@@std@@@std@@@std@@QEAAAEAU?$_Wrap_alloc@V?$allocator@VKeyPoint@cv@@@std@@@2@XZ 00000001800388f0 f i extractSurfCore.obj
 0001:00037910       ?_Getal@?$_Vector_alloc@U?$_Vec_base_types@VKeyPoint@cv@@V?$allocator@VKeyPoint@cv@@@std@@@std@@@std@@QEBAAEBU?$_Wrap_alloc@V?$allocator@VKeyPoint@cv@@@std@@@2@XZ 0000000180038910 f i extractSurfCore.obj
 0001:00037930       ?_Has_unused_capacity@?$vector@VKeyPoint@cv@@V?$allocator@VKeyPoint@cv@@@std@@@std@@AEBA_NXZ 0000000180038930 f i extractSurfCore.obj
 0001:00037980       ?_Myend@?$_Vector_alloc@U?$_Vec_base_types@VKeyPoint@cv@@V?$allocator@VKeyPoint@cv@@@std@@@std@@@std@@QEAAAEAPEAVKeyPoint@cv@@XZ 0000000180038980 f i extractSurfCore.obj
 0001:000379a0       ?_Myend@?$_Vector_alloc@U?$_Vec_base_types@VKeyPoint@cv@@V?$allocator@VKeyPoint@cv@@@std@@@std@@@std@@QEBAAEBQEAVKeyPoint@cv@@XZ 00000001800389a0 f i extractSurfCore.obj
 0001:000379c0       ?_Myfirst@?$_Vector_alloc@U?$_Vec_base_types@VKeyPoint@cv@@V?$allocator@VKeyPoint@cv@@@std@@@std@@@std@@QEAAAEAPEAVKeyPoint@cv@@XZ 00000001800389c0 f i extractSurfCore.obj
 0001:000379e0       ?_Myfirst@?$_Vector_alloc@U?$_Vec_base_types@VKeyPoint@cv@@V?$allocator@VKeyPoint@cv@@@std@@@std@@@std@@QEBAAEBQEAVKeyPoint@cv@@XZ 00000001800389e0 f i extractSurfCore.obj
 0001:00037a00       ?_Mylast@?$_Vector_alloc@U?$_Vec_base_types@VKeyPoint@cv@@V?$allocator@VKeyPoint@cv@@@std@@@std@@@std@@QEAAAEAPEAVKeyPoint@cv@@XZ 0000000180038a00 f i extractSurfCore.obj
 0001:00037a20       ?_Mylast@?$_Vector_alloc@U?$_Vec_base_types@VKeyPoint@cv@@V?$allocator@VKeyPoint@cv@@@std@@@std@@@std@@QEBAAEBQEAVKeyPoint@cv@@XZ 0000000180038a20 f i extractSurfCore.obj
 0001:00037a40       ?_Orphan_all@?$_Vector_alloc@U?$_Vec_base_types@VKeyPoint@cv@@V?$allocator@VKeyPoint@cv@@@std@@@std@@@std@@QEAAXXZ 0000000180038a40 f i extractSurfCore.obj
 0001:00037a60       ?_Orphan_all@_Container_base0@std@@QEAAXXZ 0000000180038a60 f i extractSurfCore.obj
 0001:00037a70       ?_Orphan_range@?$vector@VKeyPoint@cv@@V?$allocator@VKeyPoint@cv@@@std@@@std@@AEBAXPEAVKeyPoint@cv@@0@Z 0000000180038a70 f i extractSurfCore.obj
 0001:00037a80       ?_Tidy@?$vector@VKeyPoint@cv@@V?$allocator@VKeyPoint@cv@@@std@@@std@@AEAAXXZ 0000000180038a80 f i extractSurfCore.obj
 0001:00037b80       ?_Umove_if_noexcept1@?$vector@VKeyPoint@cv@@V?$allocator@VKeyPoint@cv@@@std@@@std@@AEAAXPEAVKeyPoint@cv@@00U?$integral_constant@_N$0A@@2@@Z 0000000180038b80 f i extractSurfCore.obj
 0001:00037bc0       ?_Umove_if_noexcept@?$vector@VKeyPoint@cv@@V?$allocator@VKeyPoint@cv@@@std@@@std@@AEAAXPEAVKeyPoint@cv@@00@Z 0000000180038bc0 f i extractSurfCore.obj
 0001:00037c20       ?_Xlength@?$vector@VKeyPoint@cv@@V?$allocator@VKeyPoint@cv@@@std@@@std@@CAXXZ 0000000180038c20 f i extractSurfCore.obj
 0001:00037c40       ?allocate@?$_Wrap_alloc@V?$allocator@VKeyPoint@cv@@@std@@@std@@QEAAPEAVKeyPoint@cv@@_K@Z 0000000180038c40 f i extractSurfCore.obj
 0001:00037c70       ?allocate@?$allocator@VKeyPoint@cv@@@std@@QEAAPEAVKeyPoint@cv@@_K@Z 0000000180038c70 f i extractSurfCore.obj
 0001:00037ca0       ?c_str@String@cv@@QEBAPEBDXZ 0000000180038ca0 f i extractSurfCore.obj
 0001:00037ce0       ?capacity@?$vector@VKeyPoint@cv@@V?$allocator@VKeyPoint@cv@@@std@@@std@@QEBA_KXZ 0000000180038ce0 f i extractSurfCore.obj
 0001:00037d30       ?channels@Mat@cv@@QEBAHXZ  0000000180038d30 f i extractSurfCore.obj
 0001:00037d50       ?clone@?$big_any_policy@Uempty_any@anyimpl@cvflann@@@anyimpl@cvflann@@UEAAXPEBQEAXPEAPEAX@Z 0000000180038d50 f i extractSurfCore.obj
 0001:00037db0       ?clone@?$big_any_policy@VString@cv@@@anyimpl@cvflann@@UEAAXPEBQEAXPEAPEAX@Z 0000000180038db0 f i extractSurfCore.obj
 0001:00037e30       ?clone@?$big_any_policy@W4flann_algorithm_t@cvflann@@@anyimpl@cvflann@@UEAAXPEBQEAXPEAPEAX@Z 0000000180038e30 f i extractSurfCore.obj
 0001:00037ea0       ?clone@?$big_any_policy@W4flann_centers_init_t@cvflann@@@anyimpl@cvflann@@UEAAXPEBQEAXPEAPEAX@Z 0000000180038ea0 f i extractSurfCore.obj
 0001:00037f10       ?clone@?$small_any_policy@H@anyimpl@cvflann@@UEAAXPEBQEAXPEAPEAX@Z 0000000180038f10 f i extractSurfCore.obj
 0001:00037f30       ?clone@?$small_any_policy@I@anyimpl@cvflann@@UEAAXPEBQEAXPEAPEAX@Z 0000000180038f30 f i extractSurfCore.obj
 0001:00037f50       ?clone@?$small_any_policy@M@anyimpl@cvflann@@UEAAXPEBQEAXPEAPEAX@Z 0000000180038f50 f i extractSurfCore.obj
 0001:00037f70       ?clone@?$small_any_policy@PEBD@anyimpl@cvflann@@UEAAXPEBQEAXPEAPEAX@Z 0000000180038f70 f i extractSurfCore.obj
 0001:00037f90       ?clone@?$small_any_policy@_N@anyimpl@cvflann@@UEAAXPEBQEAXPEAPEAX@Z 0000000180038f90 f i extractSurfCore.obj
 0001:00037fb0       ?copy_from_value@?$big_any_policy@Uempty_any@anyimpl@cvflann@@@anyimpl@cvflann@@UEAAXPEBXPEAPEAX@Z 0000000180038fb0 f i extractSurfCore.obj
 0001:00038010       ?copy_from_value@?$big_any_policy@VString@cv@@@anyimpl@cvflann@@UEAAXPEBXPEAPEAX@Z 0000000180039010 f i extractSurfCore.obj
 0001:00038080       ?copy_from_value@?$big_any_policy@W4flann_algorithm_t@cvflann@@@anyimpl@cvflann@@UEAAXPEBXPEAPEAX@Z 0000000180039080 f i extractSurfCore.obj
 0001:000380e0       ?copy_from_value@?$big_any_policy@W4flann_centers_init_t@cvflann@@@anyimpl@cvflann@@UEAAXPEBXPEAPEAX@Z 00000001800390e0 f i extractSurfCore.obj
 0001:00038140       ?copy_from_value@?$small_any_policy@H@anyimpl@cvflann@@UEAAXPEBXPEAPEAX@Z 0000000180039140 f i extractSurfCore.obj
 0001:000381a0       ?copy_from_value@?$small_any_policy@I@anyimpl@cvflann@@UEAAXPEBXPEAPEAX@Z 00000001800391a0 f i extractSurfCore.obj
 0001:00038200       ?copy_from_value@?$small_any_policy@M@anyimpl@cvflann@@UEAAXPEBXPEAPEAX@Z 0000000180039200 f i extractSurfCore.obj
 0001:00038260       ?copy_from_value@?$small_any_policy@PEBD@anyimpl@cvflann@@UEAAXPEBXPEAPEAX@Z 0000000180039260 f i extractSurfCore.obj
 0001:000382c0       ?copy_from_value@?$small_any_policy@_N@anyimpl@cvflann@@UEAAXPEBXPEAPEAX@Z 00000001800392c0 f i extractSurfCore.obj
 0001:00038320       ?deallocate@?$_Wrap_alloc@V?$allocator@VKeyPoint@cv@@@std@@@std@@QEAAXPEAVKeyPoint@cv@@_K@Z 0000000180039320 f i extractSurfCore.obj
 0001:00038350       ?deallocate@?$allocator@VKeyPoint@cv@@@std@@QEAAXPEAVKeyPoint@cv@@_K@Z 0000000180039350 f i extractSurfCore.obj
 0001:00038380       ?decRef@PtrOwner@detail@cv@@QEAAXXZ 0000000180039380 f i extractSurfCore.obj
 0001:000383c0       ?deleteSelf@?$PtrOwnerImpl@VMWSURF@cv@@U?$DefaultDeleter@VMWSURF@cv@@@2@@detail@cv@@UEAAXXZ 00000001800393c0 f i extractSurfCore.obj
 0001:00038430       ?empty@?$Ptr@VMWSURF@cv@@@cv@@QEBA_NXZ 0000000180039430 f i extractSurfCore.obj
 0001:00038460       ?eof@?$char_traits@D@std@@SAHXZ 0000000180039460 f i extractSurfCore.obj
 0001:00038470       ?eq_int_type@?$char_traits@D@std@@SA_NAEBH0@Z 0000000180039470 f i extractSurfCore.obj
 0001:000384b0       ?get_size@?$typed_base_any_policy@H@anyimpl@cvflann@@UEAA_KXZ 00000001800394b0 f i extractSurfCore.obj
 0001:000384c0       ?get_size@?$typed_base_any_policy@I@anyimpl@cvflann@@UEAA_KXZ 00000001800394c0 f i extractSurfCore.obj
 0001:000384d0       ?get_size@?$typed_base_any_policy@M@anyimpl@cvflann@@UEAA_KXZ 00000001800394d0 f i extractSurfCore.obj
 0001:000384e0       ?get_size@?$typed_base_any_policy@PEBD@anyimpl@cvflann@@UEAA_KXZ 00000001800394e0 f i extractSurfCore.obj
 0001:000384f0       ?get_size@?$typed_base_any_policy@Uempty_any@anyimpl@cvflann@@@anyimpl@cvflann@@UEAA_KXZ 00000001800394f0 f i extractSurfCore.obj
 0001:00038500       ?get_size@?$typed_base_any_policy@VString@cv@@@anyimpl@cvflann@@UEAA_KXZ 0000000180039500 f i extractSurfCore.obj
 0001:00038510       ?get_size@?$typed_base_any_policy@W4flann_algorithm_t@cvflann@@@anyimpl@cvflann@@UEAA_KXZ 0000000180039510 f i extractSurfCore.obj
 0001:00038520       ?get_size@?$typed_base_any_policy@W4flann_centers_init_t@cvflann@@@anyimpl@cvflann@@UEAA_KXZ 0000000180039520 f i extractSurfCore.obj
 0001:00038530       ?get_size@?$typed_base_any_policy@_N@anyimpl@cvflann@@UEAA_KXZ 0000000180039530 f i extractSurfCore.obj
 0001:00038540       ?get_value@?$big_any_policy@Uempty_any@anyimpl@cvflann@@@anyimpl@cvflann@@UEAAPEAXPEAPEAX@Z 0000000180039540 f i extractSurfCore.obj
 0001:00038560       ?get_value@?$big_any_policy@Uempty_any@anyimpl@cvflann@@@anyimpl@cvflann@@UEAAPEBXPEBQEAX@Z 0000000180039560 f i extractSurfCore.obj
 0001:00038580       ?get_value@?$big_any_policy@VString@cv@@@anyimpl@cvflann@@UEAAPEAXPEAPEAX@Z 0000000180039580 f i extractSurfCore.obj
 0001:000385a0       ?get_value@?$big_any_policy@VString@cv@@@anyimpl@cvflann@@UEAAPEBXPEBQEAX@Z 00000001800395a0 f i extractSurfCore.obj
 0001:000385c0       ?get_value@?$big_any_policy@W4flann_algorithm_t@cvflann@@@anyimpl@cvflann@@UEAAPEAXPEAPEAX@Z 00000001800395c0 f i extractSurfCore.obj
 0001:000385e0       ?get_value@?$big_any_policy@W4flann_algorithm_t@cvflann@@@anyimpl@cvflann@@UEAAPEBXPEBQEAX@Z 00000001800395e0 f i extractSurfCore.obj
 0001:00038600       ?get_value@?$big_any_policy@W4flann_centers_init_t@cvflann@@@anyimpl@cvflann@@UEAAPEAXPEAPEAX@Z 0000000180039600 f i extractSurfCore.obj
 0001:00038620       ?get_value@?$big_any_policy@W4flann_centers_init_t@cvflann@@@anyimpl@cvflann@@UEAAPEBXPEBQEAX@Z 0000000180039620 f i extractSurfCore.obj
 0001:00038640       ?get_value@?$small_any_policy@H@anyimpl@cvflann@@UEAAPEAXPEAPEAX@Z 0000000180039640 f i extractSurfCore.obj
 0001:00038650       ?get_value@?$small_any_policy@H@anyimpl@cvflann@@UEAAPEBXPEBQEAX@Z 0000000180039650 f i extractSurfCore.obj
 0001:00038660       ?get_value@?$small_any_policy@I@anyimpl@cvflann@@UEAAPEAXPEAPEAX@Z 0000000180039660 f i extractSurfCore.obj
 0001:00038670       ?get_value@?$small_any_policy@I@anyimpl@cvflann@@UEAAPEBXPEBQEAX@Z 0000000180039670 f i extractSurfCore.obj
 0001:00038680       ?get_value@?$small_any_policy@M@anyimpl@cvflann@@UEAAPEAXPEAPEAX@Z 0000000180039680 f i extractSurfCore.obj
 0001:00038690       ?get_value@?$small_any_policy@M@anyimpl@cvflann@@UEAAPEBXPEBQEAX@Z 0000000180039690 f i extractSurfCore.obj
 0001:000386a0       ?get_value@?$small_any_policy@PEBD@anyimpl@cvflann@@UEAAPEAXPEAPEAX@Z 00000001800396a0 f i extractSurfCore.obj
 0001:000386b0       ?get_value@?$small_any_policy@PEBD@anyimpl@cvflann@@UEAAPEBXPEBQEAX@Z 00000001800396b0 f i extractSurfCore.obj
 0001:000386c0       ?get_value@?$small_any_policy@_N@anyimpl@cvflann@@UEAAPEAXPEAPEAX@Z 00000001800396c0 f i extractSurfCore.obj
 0001:000386d0       ?get_value@?$small_any_policy@_N@anyimpl@cvflann@@UEAAPEBXPEBQEAX@Z 00000001800396d0 f i extractSurfCore.obj
 0001:000386e0       ?length@?$char_traits@D@std@@SA_KQEBD@Z 00000001800396e0 f i extractSurfCore.obj
 0001:00038710       ?max_size@?$_Wrap_alloc@V?$allocator@VKeyPoint@cv@@@std@@@std@@QEBA_KU_Nil@2@@Z 0000000180039710 f i extractSurfCore.obj
 0001:00038730       ?max_size@?$allocator@VKeyPoint@cv@@@std@@QEBA_KXZ 0000000180039730 f i extractSurfCore.obj
 0001:00038740       ?max_size@?$allocator_traits@V?$allocator@VKeyPoint@cv@@@std@@@std@@SA_KAEBV?$allocator@VKeyPoint@cv@@@2@@Z 0000000180039740 f i extractSurfCore.obj
 0001:00038760       ?max_size@?$vector@VKeyPoint@cv@@V?$allocator@VKeyPoint@cv@@@std@@@std@@QEBA_KXZ 0000000180039760 f i extractSurfCore.obj
 0001:00038790       ?move@?$big_any_policy@Uempty_any@anyimpl@cvflann@@@anyimpl@cvflann@@UEAAXPEBQEAXPEAPEAX@Z 0000000180039790 f i extractSurfCore.obj
 0001:000387a0       ?move@?$big_any_policy@VString@cv@@@anyimpl@cvflann@@UEAAXPEBQEAXPEAPEAX@Z 00000001800397a0 f i extractSurfCore.obj
 0001:000387e0       ?move@?$big_any_policy@W4flann_algorithm_t@cvflann@@@anyimpl@cvflann@@UEAAXPEBQEAXPEAPEAX@Z 00000001800397e0 f i extractSurfCore.obj
 0001:00038810       ?move@?$big_any_policy@W4flann_centers_init_t@cvflann@@@anyimpl@cvflann@@UEAAXPEBQEAXPEAPEAX@Z 0000000180039810 f i extractSurfCore.obj
 0001:00038840       ?move@?$small_any_policy@H@anyimpl@cvflann@@UEAAXPEBQEAXPEAPEAX@Z 0000000180039840 f i extractSurfCore.obj
 0001:00038860       ?move@?$small_any_policy@I@anyimpl@cvflann@@UEAAXPEBQEAXPEAPEAX@Z 0000000180039860 f i extractSurfCore.obj
 0001:00038880       ?move@?$small_any_policy@M@anyimpl@cvflann@@UEAAXPEBQEAXPEAPEAX@Z 0000000180039880 f i extractSurfCore.obj
 0001:000388a0       ?move@?$small_any_policy@PEBD@anyimpl@cvflann@@UEAAXPEBQEAXPEAPEAX@Z 00000001800398a0 f i extractSurfCore.obj
 0001:000388c0       ?move@?$small_any_policy@_N@anyimpl@cvflann@@UEAAXPEBQEAXPEAPEAX@Z 00000001800398c0 f i extractSurfCore.obj
 0001:000388e0       ?print@?$big_any_policy@Uempty_any@anyimpl@cvflann@@@anyimpl@cvflann@@UEAAXAEAV?$basic_ostream@DU?$char_traits@D@std@@@std@@PEBQEAX@Z 00000001800398e0 f i extractSurfCore.obj
 0001:00038910       ?print@?$big_any_policy@VString@cv@@@anyimpl@cvflann@@UEAAXAEAV?$basic_ostream@DU?$char_traits@D@std@@@std@@PEBQEAX@Z 0000000180039910 f i extractSurfCore.obj
 0001:00038950       ?print@?$big_any_policy@W4flann_algorithm_t@cvflann@@@anyimpl@cvflann@@UEAAXAEAV?$basic_ostream@DU?$char_traits@D@std@@@std@@PEBQEAX@Z 0000000180039950 f i extractSurfCore.obj
 0001:00038980       ?print@?$big_any_policy@W4flann_centers_init_t@cvflann@@@anyimpl@cvflann@@UEAAXAEAV?$basic_ostream@DU?$char_traits@D@std@@@std@@PEBQEAX@Z 0000000180039980 f i extractSurfCore.obj
 0001:000389b0       ?print@?$small_any_policy@H@anyimpl@cvflann@@UEAAXAEAV?$basic_ostream@DU?$char_traits@D@std@@@std@@PEBQEAX@Z 00000001800399b0 f i extractSurfCore.obj
 0001:000389e0       ?print@?$small_any_policy@I@anyimpl@cvflann@@UEAAXAEAV?$basic_ostream@DU?$char_traits@D@std@@@std@@PEBQEAX@Z 00000001800399e0 f i extractSurfCore.obj
 0001:00038a10       ?print@?$small_any_policy@M@anyimpl@cvflann@@UEAAXAEAV?$basic_ostream@DU?$char_traits@D@std@@@std@@PEBQEAX@Z 0000000180039a10 f i extractSurfCore.obj
 0001:00038a40       ?print@?$small_any_policy@PEBD@anyimpl@cvflann@@UEAAXAEAV?$basic_ostream@DU?$char_traits@D@std@@@std@@PEBQEAX@Z 0000000180039a40 f i extractSurfCore.obj
 0001:00038a70       ?print@?$small_any_policy@_N@anyimpl@cvflann@@UEAAXAEAV?$basic_ostream@DU?$char_traits@D@std@@@std@@PEBQEAX@Z 0000000180039a70 f i extractSurfCore.obj
 0001:00038aa0       ?push_back@?$vector@VKeyPoint@cv@@V?$allocator@VKeyPoint@cv@@@std@@@std@@QEAAXAEBVKeyPoint@cv@@@Z 0000000180039aa0 f i extractSurfCore.obj
 0001:00038ad0       ?release@?$Ptr@VMWSURF@cv@@@cv@@QEAAXXZ 0000000180039ad0 f i extractSurfCore.obj
 0001:00038b10       ?release@Mat@cv@@QEAAXXZ   0000000180039b10 f i extractSurfCore.obj
 0001:00038bd0       ?select_on_container_copy_construction@?$_Wrap_alloc@V?$allocator@VKeyPoint@cv@@@std@@@std@@QEBA?AU12@U_Nil@2@@Z 0000000180039bd0 f i extractSurfCore.obj
 0001:00038c10       ?select_on_container_copy_construction@?$allocator_traits@V?$allocator@VKeyPoint@cv@@@std@@@std@@SA?AV?$allocator@VKeyPoint@cv@@@2@AEBV32@@Z 0000000180039c10 f i extractSurfCore.obj
 0001:00038c40       ?size@?$vector@VKeyPoint@cv@@V?$allocator@VKeyPoint@cv@@@std@@@std@@QEBA_KXZ 0000000180039c40 f i extractSurfCore.obj
 0001:00038c90       ?static_delete@?$big_any_policy@Uempty_any@anyimpl@cvflann@@@anyimpl@cvflann@@UEAAXPEAPEAX@Z 0000000180039c90 f i extractSurfCore.obj
 0001:00038ce0       ?static_delete@?$big_any_policy@VString@cv@@@anyimpl@cvflann@@UEAAXPEAPEAX@Z 0000000180039ce0 f i extractSurfCore.obj
 0001:00038d50       ?static_delete@?$big_any_policy@W4flann_algorithm_t@cvflann@@@anyimpl@cvflann@@UEAAXPEAPEAX@Z 0000000180039d50 f i extractSurfCore.obj
 0001:00038da0       ?static_delete@?$big_any_policy@W4flann_centers_init_t@cvflann@@@anyimpl@cvflann@@UEAAXPEAPEAX@Z 0000000180039da0 f i extractSurfCore.obj
 0001:00038df0       ?static_delete@?$small_any_policy@H@anyimpl@cvflann@@UEAAXPEAPEAX@Z 0000000180039df0 f i extractSurfCore.obj
 0001:00038e00       ?static_delete@?$small_any_policy@I@anyimpl@cvflann@@UEAAXPEAPEAX@Z 0000000180039e00 f i extractSurfCore.obj
 0001:00038e10       ?static_delete@?$small_any_policy@M@anyimpl@cvflann@@UEAAXPEAPEAX@Z 0000000180039e10 f i extractSurfCore.obj
 0001:00038e20       ?static_delete@?$small_any_policy@PEBD@anyimpl@cvflann@@UEAAXPEAPEAX@Z 0000000180039e20 f i extractSurfCore.obj
 0001:00038e30       ?static_delete@?$small_any_policy@_N@anyimpl@cvflann@@UEAAXPEAPEAX@Z 0000000180039e30 f i extractSurfCore.obj
 0001:00038e40       ?total@Mat@cv@@QEBA_KXZ    0000000180039e40 f i extractSurfCore.obj
 0001:00038ed0       ?type@?$typed_base_any_policy@H@anyimpl@cvflann@@UEAAAEBVtype_info@@XZ 0000000180039ed0 f i extractSurfCore.obj
 0001:00038ee0       ?type@?$typed_base_any_policy@I@anyimpl@cvflann@@UEAAAEBVtype_info@@XZ 0000000180039ee0 f i extractSurfCore.obj
 0001:00038ef0       ?type@?$typed_base_any_policy@M@anyimpl@cvflann@@UEAAAEBVtype_info@@XZ 0000000180039ef0 f i extractSurfCore.obj
 0001:00038f00       ?type@?$typed_base_any_policy@PEBD@anyimpl@cvflann@@UEAAAEBVtype_info@@XZ 0000000180039f00 f i extractSurfCore.obj
 0001:00038f10       ?type@?$typed_base_any_policy@Uempty_any@anyimpl@cvflann@@@anyimpl@cvflann@@UEAAAEBVtype_info@@XZ 0000000180039f10 f i extractSurfCore.obj
 0001:00038f20       ?type@?$typed_base_any_policy@VString@cv@@@anyimpl@cvflann@@UEAAAEBVtype_info@@XZ 0000000180039f20 f i extractSurfCore.obj
 0001:00038f30       ?type@?$typed_base_any_policy@W4flann_algorithm_t@cvflann@@@anyimpl@cvflann@@UEAAAEBVtype_info@@XZ 0000000180039f30 f i extractSurfCore.obj
 0001:00038f40       ?type@?$typed_base_any_policy@W4flann_centers_init_t@cvflann@@@anyimpl@cvflann@@UEAAAEBVtype_info@@XZ 0000000180039f40 f i extractSurfCore.obj
 0001:00038f50       ?type@?$typed_base_any_policy@_N@anyimpl@cvflann@@UEAAAEBVtype_info@@XZ 0000000180039f50 f i extractSurfCore.obj
 0001:00038f60       cvRectToBoundingBox        0000000180039f60 f   cgCommon.obj
 0001:00039080       cvRectToBoundingBoxRowMajor 000000018003a080 f   cgCommon.obj
 0001:00039180       ??$addressof@$$CBV?$Rect_@H@cv@@@std@@YAPEBV?$Rect_@H@cv@@AEBV12@@Z 000000018003a180 f i cgCommon.obj
 0001:00039190       ??$addressof@$$CBV?$_Vector_val@U?$_Simple_types@V?$Rect_@H@cv@@@std@@@std@@@std@@YAPEBV?$_Vector_val@U?$_Simple_types@V?$Rect_@H@cv@@@std@@@0@AEBV10@@Z 000000018003a190 f i cgCommon.obj
 0001:000391a0       ??0?$_Vector_const_iterator@V?$_Vector_val@U?$_Simple_types@V?$Rect_@H@cv@@@std@@@std@@@std@@QEAA@PEAV?$Rect_@H@cv@@PEBU_Container_base0@1@@Z 000000018003a1a0 f i cgCommon.obj
 0001:000391e0       ??8?$_Vector_const_iterator@V?$_Vector_val@U?$_Simple_types@V?$Rect_@H@cv@@@std@@@std@@@std@@QEBA_NAEBV01@@Z 000000018003a1e0 f i cgCommon.obj
 0001:00039230       ??9?$_Vector_const_iterator@V?$_Vector_val@U?$_Simple_types@V?$Rect_@H@cv@@@std@@@std@@@std@@QEBA_NAEBV01@@Z 000000018003a230 f i cgCommon.obj
 0001:00039270       ??C?$_Vector_const_iterator@V?$_Vector_val@U?$_Simple_types@V?$Rect_@H@cv@@@std@@@std@@@std@@QEBAPEBV?$Rect_@H@cv@@XZ 000000018003a270 f i cgCommon.obj
 0001:00039290       ??D?$_Vector_const_iterator@V?$_Vector_val@U?$_Simple_types@V?$Rect_@H@cv@@@std@@@std@@@std@@QEBAAEBV?$Rect_@H@cv@@XZ 000000018003a290 f i cgCommon.obj
 0001:000392a0       ??E?$_Vector_const_iterator@V?$_Vector_val@U?$_Simple_types@V?$Rect_@H@cv@@@std@@@std@@@std@@QEAAAEAV01@XZ 000000018003a2a0 f i cgCommon.obj
 0001:000392c0       ?_Adopt@_Iterator_base0@std@@QEAAXPEBX@Z 000000018003a2c0 f i cgCommon.obj
 0001:000392d0       ?_Compat@?$_Vector_const_iterator@V?$_Vector_val@U?$_Simple_types@V?$Rect_@H@cv@@@std@@@std@@@std@@QEBAXAEBV12@@Z 000000018003a2d0 f i cgCommon.obj
 0001:000392e0       ?_Get_data@?$_Vector_alloc@U?$_Vec_base_types@V?$Rect_@H@cv@@V?$allocator@V?$Rect_@H@cv@@@std@@@std@@@std@@QEBAAEBV?$_Vector_val@U?$_Simple_types@V?$Rect_@H@cv@@@std@@@2@XZ 000000018003a2e0 f i cgCommon.obj
 0001:00039300       ?_Get_second@?$_Compressed_pair@U?$_Wrap_alloc@V?$allocator@V?$Rect_@H@cv@@@std@@@std@@V?$_Vector_val@U?$_Simple_types@V?$Rect_@H@cv@@@std@@@2@$00@std@@QEBAAEBV?$_Vector_val@U?$_Simple_types@V?$Rect_@H@cv@@@std@@@2@XZ 000000018003a300 f i cgCommon.obj
 0001:00039310       ?_Myfirst@?$_Vector_alloc@U?$_Vec_base_types@V?$Rect_@H@cv@@V?$allocator@V?$Rect_@H@cv@@@std@@@std@@@std@@QEBAAEBQEAV?$Rect_@H@cv@@XZ 000000018003a310 f i cgCommon.obj
 0001:00039330       ?_Mylast@?$_Vector_alloc@U?$_Vec_base_types@V?$Rect_@H@cv@@V?$allocator@V?$Rect_@H@cv@@@std@@@std@@@std@@QEBAAEBQEAV?$Rect_@H@cv@@XZ 000000018003a330 f i cgCommon.obj
 0001:00039350       ?begin@?$vector@V?$Rect_@H@cv@@V?$allocator@V?$Rect_@H@cv@@@std@@@std@@QEBA?AV?$_Vector_const_iterator@V?$_Vector_val@U?$_Simple_types@V?$Rect_@H@cv@@@std@@@std@@@2@XZ 000000018003a350 f i cgCommon.obj
 0001:000393b0       ?end@?$vector@V?$Rect_@H@cv@@V?$allocator@V?$Rect_@H@cv@@@std@@@std@@QEBA?AV?$_Vector_const_iterator@V?$_Vector_val@U?$_Simple_types@V?$Rect_@H@cv@@@std@@@std@@@2@XZ 000000018003a3b0 f i cgCommon.obj
 0001:00039410       ?pointer_to@?$pointer_traits@PEBV?$Rect_@H@cv@@@std@@SAPEBV?$Rect_@H@cv@@AEBV34@@Z 000000018003a410 f i cgCommon.obj
 0001:00039430       ?size@?$vector@V?$Rect_@H@cv@@V?$allocator@V?$Rect_@H@cv@@@std@@@std@@QEBA_KXZ 000000018003a430 f i cgCommon.obj
 0001:00039640       ??0MWSURF@cv@@QEAA@XZ      000000018003a640 f   mwsurf.obj
 0001:00039740       ??0MWSURF@cv@@QEAA@NHH_N0@Z 000000018003a740 f   mwsurf.obj
 0001:00039850       ?descriptorSize@MWSURF@cv@@UEBAHXZ 000000018003a850 f   mwsurf.obj
 0001:00039890       ?descriptorType@MWSURF@cv@@UEBAHXZ 000000018003a890 f   mwsurf.obj
 0001:000398b0       ?setUpright@MWSURF@cv@@QEAAX_N@Z 000000018003a8b0 f   mwsurf.obj
 0001:000398d0       ?setExtended@MWSURF@cv@@QEAAX_N@Z 000000018003a8d0 f   mwsurf.obj
 0001:000398f0       ?setThreshold@MWSURF@cv@@QEAAXN@Z 000000018003a8f0 f   mwsurf.obj
 0001:00039920       ?setNOctaves@MWSURF@cv@@QEAAXH@Z 000000018003a920 f   mwsurf.obj
 0001:00039940       ?setNOctaveLayers@MWSURF@cv@@QEAAXH@Z 000000018003a940 f   mwsurf.obj
 0001:00039960       ??RMWSURF@cv@@QEBAXAEBV_InputArray@1@0AEAV?$vector@VKeyPoint@cv@@V?$allocator@VKeyPoint@cv@@@std@@@std@@@Z 000000018003a960 f   mwsurf.obj
 0001:000399b0       ??RMWSURF@cv@@QEBAXAEBV_InputArray@1@0AEAV?$vector@VKeyPoint@cv@@V?$allocator@VKeyPoint@cv@@@std@@@std@@AEBV_OutputArray@1@_N@Z 000000018003a9b0 f   mwsurf.obj
 0001:0003a460       ?detect@MWSURF@cv@@QEBAXAEBVMat@2@AEAV?$vector@VKeyPoint@cv@@V?$allocator@VKeyPoint@cv@@@std@@@std@@0@Z 000000018003b460 f   mwsurf.obj
 0001:0003a4a0       ?compute@MWSURF@cv@@QEBAXAEBVMat@2@AEAV?$vector@VKeyPoint@cv@@V?$allocator@VKeyPoint@cv@@@std@@@std@@AEAV32@@Z 000000018003b4a0 f   mwsurf.obj
 0001:0003a4e0       ?detectImpl@MWSURF@cv@@IEBAXAEBVMat@2@AEAV?$vector@VKeyPoint@cv@@V?$allocator@VKeyPoint@cv@@@std@@@std@@0@Z 000000018003b4e0 f   mwsurf.obj
 0001:0003a580       ?computeImpl@MWSURF@cv@@IEBAXAEBVMat@2@AEAV?$vector@VKeyPoint@cv@@V?$allocator@VKeyPoint@cv@@@std@@@std@@AEAV32@@Z 000000018003b580 f   mwsurf.obj
 0001:0003b7b0       ?findMaximaInLayer@MWSURFFindInvoker@cv@@SAXAEBVMat@2@0AEBV?$vector@VMat@cv@@V?$allocator@VMat@cv@@@std@@@std@@1AEBV?$vector@HV?$allocator@H@std@@@5@AEAV?$vector@VKeyPoint@cv@@V?$allocator@VKeyPoint@cv@@@std@@@5@HHMH@Z 000000018003c7b0 f   mwsurf.obj
 0001:0003ca60       ??$?0$$V@?$_Compressed_pair@U?$_Wrap_alloc@V?$allocator@M@std@@@std@@V?$_Vector_val@U?$_Simple_types@M@std@@@2@$00@std@@QEAA@U_Zero_then_variadic_args_t@1@@Z 000000018003da60 f i mwsurf.obj
 0001:0003ca90       ??$?0$$V@?$_Compressed_pair@U?$_Wrap_alloc@V?$allocator@V?$Point_@H@cv@@@std@@@std@@V?$_Vector_val@U?$_Simple_types@V?$Point_@H@cv@@@std@@@2@$00@std@@QEAA@U_Zero_then_variadic_args_t@1@@Z 000000018003da90 f i mwsurf.obj
 0001:0003cac0       ??$?0AEAPEAVKeyPoint@cv@@AEAPEAV01@X$0A@@?$pair@PEAVKeyPoint@cv@@PEAV12@@std@@QEAA@AEAPEAVKeyPoint@cv@@0@Z 000000018003dac0 f i mwsurf.obj
 0001:0003cb10       ??$?0AEBV?$allocator@H@std@@$$V@?$_Compressed_pair@U?$_Wrap_alloc@V?$allocator@H@std@@@std@@V?$_Vector_val@U?$_Simple_types@H@std@@@2@$00@std@@QEAA@U_One_then_variadic_args_t@1@AEBV?$allocator@H@1@@Z 000000018003db10 f i mwsurf.obj
 0001:0003cb50       ??$?0AEBV?$allocator@H@std@@@?$_Wrap_alloc@V?$allocator@H@std@@@std@@QEAA@AEBV?$allocator@H@1@@Z 000000018003db50 f i mwsurf.obj
 0001:0003cb80       ??$?0AEBV?$allocator@H@std@@X@?$_Vector_alloc@U?$_Vec_base_types@HV?$allocator@H@std@@@std@@@std@@QEAA@AEBV?$allocator@H@1@@Z 000000018003db80 f i mwsurf.obj
 0001:0003cbc0       ??$?0AEBV?$allocator@VMat@cv@@@std@@$$V@?$_Compressed_pair@U?$_Wrap_alloc@V?$allocator@VMat@cv@@@std@@@std@@V?$_Vector_val@U?$_Simple_types@VMat@cv@@@std@@@2@$00@std@@QEAA@U_One_then_variadic_args_t@1@AEBV?$allocator@VMat@cv@@@1@@Z 000000018003dbc0 f i mwsurf.obj
 0001:0003cc00       ??$?0AEBV?$allocator@VMat@cv@@@std@@@?$_Wrap_alloc@V?$allocator@VMat@cv@@@std@@@std@@QEAA@AEBV?$allocator@VMat@cv@@@1@@Z 000000018003dc00 f i mwsurf.obj
 0001:0003cc30       ??$?0AEBV?$allocator@VMat@cv@@@std@@X@?$_Vector_alloc@U?$_Vec_base_types@VMat@cv@@V?$allocator@VMat@cv@@@std@@@std@@@std@@QEAA@AEBV?$allocator@VMat@cv@@@1@@Z 000000018003dc30 f i mwsurf.obj
 0001:0003cc70       ??$?0M$02$00@Mat@cv@@QEAA@AEBV?$Matx@M$02$00@1@_N@Z 000000018003dc70 f i mwsurf.obj
 0001:0003cf10       ??$?0M$02$02@Mat@cv@@QEAA@AEBV?$Matx@M$02$02@1@_N@Z 000000018003df10 f i mwsurf.obj
 0001:0003d1b0       ??$?0UCvMat@@@?$Ptr@UCvMat@@@cv@@QEAA@PEAUCvMat@@@Z 000000018003e1b0 f i mwsurf.obj
 0001:0003d250       ??$?BH@CvPoint@@QEBA?AV?$Point_@H@cv@@XZ 000000018003e250 f i mwsurf.obj
 0001:0003d2a0       ??$_Copy_memmove@PEAMPEAM@std@@YAPEAMPEAM00@Z 000000018003e2a0 f i mwsurf.obj
 0001:0003d310       ??$_Destroy_range1@V?$allocator@H@std@@PEAH@std@@YAXPEAH0AEAU?$_Wrap_alloc@V?$allocator@H@std@@@0@U?$integral_constant@_N$00@0@@Z 000000018003e310 f i mwsurf.obj
 0001:0003d330       ??$_Destroy_range1@V?$allocator@M@std@@PEAM@std@@YAXPEAM0AEAU?$_Wrap_alloc@V?$allocator@M@std@@@0@U?$integral_constant@_N$00@0@@Z 000000018003e330 f i mwsurf.obj
 0001:0003d350       ??$_Destroy_range1@V?$allocator@V?$Point_@H@cv@@@std@@PEAV?$Point_@H@cv@@@std@@YAXPEAV?$Point_@H@cv@@0AEAU?$_Wrap_alloc@V?$allocator@V?$Point_@H@cv@@@std@@@0@U?$integral_constant@_N$00@0@@Z 000000018003e350 f i mwsurf.obj
 0001:0003d370       ??$_Destroy_range1@V?$allocator@VMat@cv@@@std@@PEAVMat@cv@@@std@@YAXPEAVMat@cv@@0AEAU?$_Wrap_alloc@V?$allocator@VMat@cv@@@std@@@0@U?$integral_constant@_N$0A@@0@@Z 000000018003e370 f i mwsurf.obj
 0001:0003d3d0       ??$_Destroy_range@V?$allocator@H@std@@PEAH@std@@YAXPEAH0AEAU?$_Wrap_alloc@V?$allocator@H@std@@@0@@Z 000000018003e3d0 f i mwsurf.obj
 0001:0003d410       ??$_Destroy_range@V?$allocator@M@std@@PEAM@std@@YAXPEAM0AEAU?$_Wrap_alloc@V?$allocator@M@std@@@0@@Z 000000018003e410 f i mwsurf.obj
 0001:0003d450       ??$_Destroy_range@V?$allocator@V?$Point_@H@cv@@@std@@PEAV?$Point_@H@cv@@@std@@YAXPEAV?$Point_@H@cv@@0AEAU?$_Wrap_alloc@V?$allocator@V?$Point_@H@cv@@@std@@@0@@Z 000000018003e450 f i mwsurf.obj
 0001:0003d490       ??$_Destroy_range@V?$allocator@VMat@cv@@@std@@PEAVMat@cv@@@std@@YAXPEAVMat@cv@@0AEAU?$_Wrap_alloc@V?$allocator@VMat@cv@@@std@@@0@@Z 000000018003e490 f i mwsurf.obj
 0001:0003d4d0       ??$_Guess_median_unchecked@PEAVKeyPoint@cv@@UKeypointGreater@2@@std@@YAXPEAVKeyPoint@cv@@00AEAUKeypointGreater@2@@Z 000000018003e4d0 f i mwsurf.obj
 0001:0003d640       ??$_Insertion_sort_unchecked@PEAVKeyPoint@cv@@UKeypointGreater@2@@std@@YAXPEAVKeyPoint@cv@@0AEAUKeypointGreater@2@@Z 000000018003e640 f i mwsurf.obj
 0001:0003d790       ??$_Make_heap_unchecked@PEAVKeyPoint@cv@@UKeypointGreater@2@@std@@YAXPEAVKeyPoint@cv@@0AEAUKeypointGreater@2@@Z 000000018003e790 f i mwsurf.obj
 0001:0003d850       ??$_Med3_unchecked@PEAVKeyPoint@cv@@UKeypointGreater@2@@std@@YAXPEAVKeyPoint@cv@@00AEAUKeypointGreater@2@@Z 000000018003e850 f i mwsurf.obj
 0001:0003d8f0       ??$_Move_backward_unchecked1@PEAVKeyPoint@cv@@PEAV12@@std@@YAPEAVKeyPoint@cv@@PEAV12@00U_General_ptr_iterator_tag@0@@Z 000000018003e8f0 f i mwsurf.obj
 0001:0003d960       ??$_Move_backward_unchecked@PEAVKeyPoint@cv@@PEAV12@@std@@YAPEAVKeyPoint@cv@@PEAV12@00@Z 000000018003e960 f i mwsurf.obj
 0001:0003d9b0       ??$_Partition_by_median_guess_unchecked@PEAVKeyPoint@cv@@UKeypointGreater@2@@std@@YA?AU?$pair@PEAVKeyPoint@cv@@PEAV12@@0@PEAVKeyPoint@cv@@0AEAUKeypointGreater@3@@Z 000000018003e9b0 f i mwsurf.obj
 0001:0003dde0       ??$_Pop_heap_hole_by_index@PEAVKeyPoint@cv@@_JV12@UKeypointGreater@2@@std@@YAXPEAVKeyPoint@cv@@_J1$$QEAV12@AEAUKeypointGreater@2@@Z 000000018003ede0 f i mwsurf.obj
 0001:0003df70       ??$_Pop_heap_hole_unchecked@PEAVKeyPoint@cv@@V12@UKeypointGreater@2@@std@@YAXPEAVKeyPoint@cv@@00$$QEAV12@AEAUKeypointGreater@2@@Z 000000018003ef70 f i mwsurf.obj
 0001:0003e000       ??$_Pop_heap_unchecked@PEAVKeyPoint@cv@@UKeypointGreater@2@@std@@YAXPEAVKeyPoint@cv@@0AEAUKeypointGreater@2@@Z 000000018003f000 f i mwsurf.obj
 0001:0003e090       ??$_Ptr_copy_cat@V?$Point_@H@cv@@V12@@std@@YA?AU_General_ptr_iterator_tag@0@AEBQEAV?$Point_@H@cv@@0@Z 000000018003f090 f i mwsurf.obj
 0001:0003e0c0       ??$_Ptr_move_cat@MM@std@@YA?AU_Really_trivial_ptr_iterator_tag@0@AEBQEAM0@Z 000000018003f0c0 f i mwsurf.obj
 0001:0003e0e0       ??$_Ptr_move_cat@VKeyPoint@cv@@V12@@std@@YA?AU_General_ptr_iterator_tag@0@AEBQEAVKeyPoint@cv@@0@Z 000000018003f0e0 f i mwsurf.obj
 0001:0003e110       ??$_Push_heap_by_index@PEAVKeyPoint@cv@@_JV12@UKeypointGreater@2@@std@@YAXPEAVKeyPoint@cv@@_J1$$QEAV12@AEAUKeypointGreater@2@@Z 000000018003f110 f i mwsurf.obj
 0001:0003e200       ??$_Rechecked@PEAMPEAM@std@@YAAEAPEAMAEAPEAMPEAM@Z 000000018003f200 f i mwsurf.obj
 0001:0003e220       ??$_Rechecked@PEAV?$Point_@H@cv@@PEAV12@@std@@YAAEAPEAV?$Point_@H@cv@@AEAPEAV12@PEAV12@@Z 000000018003f220 f i mwsurf.obj
 0001:0003e9d0       ??$_Sort_heap_unchecked@PEAVKeyPoint@cv@@UKeypointGreater@2@@std@@YAXPEAVKeyPoint@cv@@0AEAUKeypointGreater@2@@Z 000000018003f9d0 f i mwsurf.obj
 0001:0003ea30       ??$_Sort_unchecked1@PEAVKeyPoint@cv@@_JUKeypointGreater@2@@std@@YAXPEAVKeyPoint@cv@@0_JAEAUKeypointGreater@2@@Z 000000018003fa30 f i mwsurf.obj
 0001:0003ebb0       ??$_Sort_unchecked@PEAVKeyPoint@cv@@UKeypointGreater@2@@std@@YAXPEAVKeyPoint@cv@@0AEAUKeypointGreater@2@@Z 000000018003fbb0 f i mwsurf.obj
 0001:0003ec00       ??$_Unchecked@PEAM@std@@YAPEAMPEAM@Z 000000018003fc00 f i mwsurf.obj
 0001:0003ec10       ??$_Unchecked@PEAV?$Point_@H@cv@@@std@@YAPEAV?$Point_@H@cv@@PEAV12@@Z 000000018003fc10 f i mwsurf.obj
 0001:0003ec20       ??$_Unchecked@V?$_Vector_val@U?$_Simple_types@VKeyPoint@cv@@@std@@@std@@@std@@YAPEAVKeyPoint@cv@@V?$_Vector_iterator@V?$_Vector_val@U?$_Simple_types@VKeyPoint@cv@@@std@@@std@@@0@@Z 000000018003fc20 f i mwsurf.obj
 0001:0003ec40       ??$_Unfancy@V?$Point_@H@cv@@@std@@YAPEAV?$Point_@H@cv@@PEAV12@@Z 000000018003fc40 f i mwsurf.obj
 0001:0003ec50       ??$_Unfancy@VMat@cv@@@std@@YAPEAVMat@cv@@PEAV12@@Z 000000018003fc50 f i mwsurf.obj
 0001:0003ec60       ??$_Uninitialized_copy@PEAV?$Point_@H@cv@@PEAV12@V?$allocator@V?$Point_@H@cv@@@std@@@std@@YAPEAV?$Point_@H@cv@@PEAV12@00AEAU?$_Wrap_alloc@V?$allocator@V?$Point_@H@cv@@@std@@@0@@Z 000000018003fc60 f i mwsurf.obj
 0001:0003ed20       ??$_Uninitialized_copy_al_unchecked@PEAV?$Point_@H@cv@@PEAV12@V?$allocator@V?$Point_@H@cv@@@std@@@std@@YAPEAV?$Point_@H@cv@@PEAV12@00AEAU?$_Wrap_alloc@V?$allocator@V?$Point_@H@cv@@@std@@@0@U_General_ptr_iterator_tag@0@U_Any_tag@0@@Z 000000018003fd20 f i mwsurf.obj
 0001:0003edb0       ??$_Uninitialized_default_fill_n1@PEAH_KV?$allocator@H@std@@@std@@YAPEAHPEAH_KAEAU?$_Wrap_alloc@V?$allocator@H@std@@@0@U?$integral_constant@_N$00@0@@Z 000000018003fdb0 f i mwsurf.obj
 0001:0003ee00       ??$_Uninitialized_default_fill_n1@PEAM_KV?$allocator@M@std@@@std@@YAPEAMPEAM_KAEAU?$_Wrap_alloc@V?$allocator@M@std@@@0@U?$integral_constant@_N$00@0@@Z 000000018003fe00 f i mwsurf.obj
 0001:0003ee50       ??$_Uninitialized_default_fill_n1@PEAV?$Point_@H@cv@@_KV?$allocator@V?$Point_@H@cv@@@std@@@std@@YAPEAV?$Point_@H@cv@@PEAV12@_KAEAU?$_Wrap_alloc@V?$allocator@V?$Point_@H@cv@@@std@@@0@U?$integral_constant@_N$0A@@0@@Z 000000018003fe50 f i mwsurf.obj
 0001:0003eed0       ??$_Uninitialized_default_fill_n1@PEAVKeyPoint@cv@@_KV?$allocator@VKeyPoint@cv@@@std@@@std@@YAPEAVKeyPoint@cv@@PEAV12@_KAEAU?$_Wrap_alloc@V?$allocator@VKeyPoint@cv@@@std@@@0@U?$integral_constant@_N$0A@@0@@Z 000000018003fed0 f i mwsurf.obj
 0001:0003ef50       ??$_Uninitialized_default_fill_n1@PEAVMat@cv@@_KV?$allocator@VMat@cv@@@std@@@std@@YAPEAVMat@cv@@PEAV12@_KAEAU?$_Wrap_alloc@V?$allocator@VMat@cv@@@std@@@0@U?$integral_constant@_N$0A@@0@@Z 000000018003ff50 f i mwsurf.obj
 0001:0003efd0       ??$_Uninitialized_default_fill_n@PEAH_KV?$allocator@H@std@@@std@@YAPEAHPEAH_KAEAU?$_Wrap_alloc@V?$allocator@H@std@@@0@@Z 000000018003ffd0 f i mwsurf.obj
 0001:0003f010       ??$_Uninitialized_default_fill_n@PEAM_KV?$allocator@M@std@@@std@@YAPEAMPEAM_KAEAU?$_Wrap_alloc@V?$allocator@M@std@@@0@@Z 0000000180040010 f i mwsurf.obj
 0001:0003f050       ??$_Uninitialized_default_fill_n@PEAV?$Point_@H@cv@@_KV?$allocator@V?$Point_@H@cv@@@std@@@std@@YAPEAV?$Point_@H@cv@@PEAV12@_KAEAU?$_Wrap_alloc@V?$allocator@V?$Point_@H@cv@@@std@@@0@@Z 0000000180040050 f i mwsurf.obj
 0001:0003f090       ??$_Uninitialized_default_fill_n@PEAVKeyPoint@cv@@_KV?$allocator@VKeyPoint@cv@@@std@@@std@@YAPEAVKeyPoint@cv@@PEAV12@_KAEAU?$_Wrap_alloc@V?$allocator@VKeyPoint@cv@@@std@@@0@@Z 0000000180040090 f i mwsurf.obj
 0001:0003f0d0       ??$_Uninitialized_default_fill_n@PEAVMat@cv@@_KV?$allocator@VMat@cv@@@std@@@std@@YAPEAVMat@cv@@PEAV12@_KAEAU?$_Wrap_alloc@V?$allocator@VMat@cv@@@std@@@0@@Z 00000001800400d0 f i mwsurf.obj
 0001:0003f110       ??$_Uninitialized_move@PEAMPEAMV?$allocator@M@std@@@std@@YAPEAMPEAM00AEAU?$_Wrap_alloc@V?$allocator@M@std@@@0@@Z 0000000180040110 f i mwsurf.obj
 0001:0003f1b0       ??$_Uninitialized_move_al_unchecked@MMV?$allocator@M@std@@@std@@YAPEAMPEAM00AEAU?$_Wrap_alloc@V?$allocator@M@std@@@0@U_Really_trivial_ptr_iterator_tag@0@U?$integral_constant@_N$00@0@@Z 00000001800401b0 f i mwsurf.obj
 0001:0003f1f0       ??$addressof@V?$_Vector_val@U?$_Simple_types@VKeyPoint@cv@@@std@@@std@@@std@@YAPEAV?$_Vector_val@U?$_Simple_types@VKeyPoint@cv@@@std@@@0@AEAV10@@Z 00000001800401f0 f i mwsurf.obj
 0001:0003f200       ??$at@E@Mat@cv@@QEBAAEBEHH@Z 0000000180040200 f i mwsurf.obj
 0001:0003f250       ??$at@H@Mat@cv@@QEBAAEBHHH@Z 0000000180040250 f i mwsurf.obj
 0001:0003f2a0       ??$at@M@Mat@cv@@QEAAAEAMHH@Z 00000001800402a0 f i mwsurf.obj
 0001:0003f2f0       ??$at@M@Mat@cv@@QEBAAEBMHH@Z 00000001800402f0 f i mwsurf.obj
 0001:0003f340       ??$construct@V?$Point_@H@cv@@$$V@?$_Wrap_alloc@V?$allocator@V?$Point_@H@cv@@@std@@@std@@QEAAXPEAV?$Point_@H@cv@@@Z 0000000180040340 f i mwsurf.obj
 0001:0003f370       ??$construct@V?$Point_@H@cv@@$$V@?$allocator@V?$Point_@H@cv@@@std@@QEAAXPEAV?$Point_@H@cv@@@Z 0000000180040370 f i mwsurf.obj
 0001:0003f3d0       ??$construct@V?$Point_@H@cv@@$$V@?$allocator_traits@V?$allocator@V?$Point_@H@cv@@@std@@@std@@SAXAEAV?$allocator@V?$Point_@H@cv@@@1@PEAV?$Point_@H@cv@@@Z 00000001800403d0 f i mwsurf.obj
 0001:0003f400       ??$construct@V?$Point_@H@cv@@AEAV12@@?$_Wrap_alloc@V?$allocator@V?$Point_@H@cv@@@std@@@std@@QEAAXPEAV?$Point_@H@cv@@AEAV23@@Z 0000000180040400 f i mwsurf.obj
 0001:0003f440       ??$construct@V?$Point_@H@cv@@AEAV12@@?$allocator@V?$Point_@H@cv@@@std@@QEAAXPEAV?$Point_@H@cv@@AEAV23@@Z 0000000180040440 f i mwsurf.obj
 0001:0003f4b0       ??$construct@V?$Point_@H@cv@@AEAV12@@?$allocator_traits@V?$allocator@V?$Point_@H@cv@@@std@@@std@@SAXAEAV?$allocator@V?$Point_@H@cv@@@1@PEAV?$Point_@H@cv@@AEAV34@@Z 00000001800404b0 f i mwsurf.obj
 0001:0003f4f0       ??$construct@VKeyPoint@cv@@$$V@?$_Wrap_alloc@V?$allocator@VKeyPoint@cv@@@std@@@std@@QEAAXPEAVKeyPoint@cv@@@Z 00000001800404f0 f i mwsurf.obj
 0001:0003f520       ??$construct@VKeyPoint@cv@@$$V@?$allocator@VKeyPoint@cv@@@std@@QEAAXPEAVKeyPoint@cv@@@Z 0000000180040520 f i mwsurf.obj
 0001:0003f580       ??$construct@VKeyPoint@cv@@$$V@?$allocator_traits@V?$allocator@VKeyPoint@cv@@@std@@@std@@SAXAEAV?$allocator@VKeyPoint@cv@@@1@PEAVKeyPoint@cv@@@Z 0000000180040580 f i mwsurf.obj
 0001:0003f5b0       ??$construct@VMat@cv@@$$V@?$_Wrap_alloc@V?$allocator@VMat@cv@@@std@@@std@@QEAAXPEAVMat@cv@@@Z 00000001800405b0 f i mwsurf.obj
 0001:0003f5e0       ??$construct@VMat@cv@@$$V@?$allocator@VMat@cv@@@std@@QEAAXPEAVMat@cv@@@Z 00000001800405e0 f i mwsurf.obj
 0001:0003f640       ??$construct@VMat@cv@@$$V@?$allocator_traits@V?$allocator@VMat@cv@@@std@@@std@@SAXAEAV?$allocator@VMat@cv@@@1@PEAVMat@cv@@@Z 0000000180040640 f i mwsurf.obj
 0001:0003f670       ??$destroy@VMat@cv@@@?$_Wrap_alloc@V?$allocator@VMat@cv@@@std@@@std@@QEAAXPEAVMat@cv@@@Z 0000000180040670 f i mwsurf.obj
 0001:0003f6a0       ??$destroy@VMat@cv@@@?$allocator@VMat@cv@@@std@@QEAAXPEAVMat@cv@@@Z 00000001800406a0 f i mwsurf.obj
 0001:0003f6c0       ??$destroy@VMat@cv@@@?$allocator_traits@V?$allocator@VMat@cv@@@std@@@std@@SAXAEAV?$allocator@VMat@cv@@@1@PEAVMat@cv@@@Z 00000001800406c0 f i mwsurf.obj
 0001:0003f6f0       ??$forward@AEAPEAVKeyPoint@cv@@@std@@YAAEAPEAVKeyPoint@cv@@AEAPEAV12@@Z 00000001800406f0 f i mwsurf.obj
 0001:0003f700       ??$forward@AEAV?$Point_@H@cv@@@std@@YAAEAV?$Point_@H@cv@@AEAV12@@Z 0000000180040700 f i mwsurf.obj
 0001:0003f710       ??$forward@AEBV?$allocator@H@std@@@std@@YAAEBV?$allocator@H@0@AEBV10@@Z 0000000180040710 f i mwsurf.obj
 0001:0003f720       ??$forward@AEBV?$allocator@VMat@cv@@@std@@@std@@YAAEBV?$allocator@VMat@cv@@@0@AEBV10@@Z 0000000180040720 f i mwsurf.obj
 0001:0003f730       ??$iter_swap@PEAVKeyPoint@cv@@PEAV12@@std@@YAXPEAVKeyPoint@cv@@0@Z 0000000180040730 f i mwsurf.obj
 0001:0003f760       ??$max@H@std@@YAAEBHAEBH0@Z 0000000180040760 f i mwsurf.obj
 0001:0003f7b0       ??$max@M@std@@YAAEBMAEBM0@Z 00000001800407b0 f i mwsurf.obj
 0001:0003f800       ??$min@H@std@@YAAEBHAEBH0@Z 0000000180040800 f i mwsurf.obj
 0001:0003f850       ??$move@AEAVKeyPoint@cv@@@std@@YA$$QEAVKeyPoint@cv@@AEAV12@@Z 0000000180040850 f i mwsurf.obj
 0001:0003f860       ??$ptr@H@Mat@cv@@QEBAPEBHH@Z 0000000180040860 f i mwsurf.obj
 0001:0003f8a0       ??$ptr@M@Mat@cv@@QEAAPEAMH@Z 00000001800408a0 f i mwsurf.obj
 0001:0003f8e0       ??$ptr@M@Mat@cv@@QEBAPEBMH@Z 00000001800408e0 f i mwsurf.obj
 0001:0003f920       ??$solve@$00@?$Matx@M$02$02@cv@@QEBA?AV?$Matx@M$02$00@1@AEBV21@H@Z 0000000180040920 f i mwsurf.obj
 0001:0003fb30       ??$sort@V?$_Vector_iterator@V?$_Vector_val@U?$_Simple_types@VKeyPoint@cv@@@std@@@std@@@std@@UKeypointGreater@cv@@@std@@YAXV?$_Vector_iterator@V?$_Vector_val@U?$_Simple_types@VKeyPoint@cv@@@std@@@std@@@0@0UKeypointGreater@cv@@@Z 0000000180040b30 f i mwsurf.obj
 0001:0003fb80       ??$swap@VKeyPoint@cv@@X@std@@YAXAEAVKeyPoint@cv@@0@Z 0000000180040b80 f i mwsurf.obj
 0001:0003fc40       ??0?$Matx@M$02$00@cv@@QEAA@MMM@Z 0000000180040c40 f i mwsurf.obj
 0001:0003fce0       ??0?$Matx@M$02$00@cv@@QEAA@PEBM@Z 0000000180040ce0 f i mwsurf.obj
 0001:0003fd30       ??0?$Matx@M$02$00@cv@@QEAA@XZ 0000000180040d30 f i mwsurf.obj
[...]
 0004:0000291c       $pdata$?dtor$2@?0???RMWSURF@cv@@QEBAXAEBV_InputArray@1@0AEAV?$vector@VKeyPoint@cv@@V?$allocator@VKeyPoint@cv@@@std@@@std@@AEBV_OutputArray@1@_N@Z@4HA 000000018006991c     mwsurf.obj
 0004:00002928       $pdata$?dtor$3@?0???RMWSURF@cv@@QEBAXAEBV_InputArray@1@0AEAV?$vector@VKeyPoint@cv@@V?$allocator@VKeyPoint@cv@@@std@@@std@@AEBV_OutputArray@1@_N@Z@4HA 0000000180069928     mwsurf.obj
 0004:00002934       $pdata$?dtor$4@?0???RMWSURF@cv@@QEBAXAEBV_InputArray@1@0AEAV?$vector@VKeyPoint@cv@@V?$allocator@VKeyPoint@cv@@@std@@@std@@AEBV_OutputArray@1@_N@Z@4HA 0000000180069934     mwsurf.obj
 0004:00002940       $pdata$?dtor$5@?0???RMWSURF@cv@@QEBAXAEBV_InputArray@1@0AEAV?$vector@VKeyPoint@cv@@V?$allocator@VKeyPoint@cv@@@std@@@std@@AEBV_OutputArray@1@_N@Z@4HA 0000000180069940     mwsurf.obj
 0004:0000294c       $pdata$?dtor$6@?0???RMWSURF@cv@@QEBAXAEBV_InputArray@1@0AEAV?$vector@VKeyPoint@cv@@V?$allocator@VKeyPoint@cv@@@std@@@std@@AEBV_OutputArray@1@_N@Z@4HA 000000018006994c     mwsurf.obj
 0004:00002958       $pdata$?dtor$7@?0???RMWSURF@cv@@QEBAXAEBV_InputArray@1@0AEAV?$vector@VKeyPoint@cv@@V?$allocator@VKeyPoint@cv@@@std@@@std@@AEBV_OutputArray@1@_N@Z@4HA 0000000180069958     mwsurf.obj
 0004:00002964       $pdata$?dtor$8@?0???RMWSURF@cv@@QEBAXAEBV_InputArray@1@0AEAV?$vector@VKeyPoint@cv@@V?$allocator@VKeyPoint@cv@@@std@@@std@@AEBV_OutputArray@1@_N@Z@4HA 0000000180069964     mwsurf.obj
 0004:00002970       $pdata$?dtor$9@?0???RMWSURF@cv@@QEBAXAEBV_InputArray@1@0AEAV?$vector@VKeyPoint@cv@@V?$allocator@VKeyPoint@cv@@@std@@@std@@AEBV_OutputArray@1@_N@Z@4HA 0000000180069970     mwsurf.obj
 0004:0000297c       $pdata$?dtor$10@?0???RMWSURF@cv@@QEBAXAEBV_InputArray@1@0AEAV?$vector@VKeyPoint@cv@@V?$allocator@VKeyPoint@cv@@@std@@@std@@AEBV_OutputArray@1@_N@Z@4HA 000000018006997c     mwsurf.obj
 0004:00002988       $pdata$?dtor$11@?0???RMWSURF@cv@@QEBAXAEBV_InputArray@1@0AEAV?$vector@VKeyPoint@cv@@V?$allocator@VKeyPoint@cv@@@std@@@std@@AEBV_OutputArray@1@_N@Z@4HA 0000000180069988     mwsurf.obj
 0004:00002994       $pdata$?dtor$12@?0???RMWSURF@cv@@QEBAXAEBV_InputArray@1@0AEAV?$vector@VKeyPoint@cv@@V?$allocator@VKeyPoint@cv@@@std@@@std@@AEBV_OutputArray@1@_N@Z@4HA 0000000180069994     mwsurf.obj
 0004:000029a0       $pdata$?dtor$13@?0???RMWSURF@cv@@QEBAXAEBV_InputArray@1@0AEAV?$vector@VKeyPoint@cv@@V?$allocator@VKeyPoint@cv@@@std@@@std@@AEBV_OutputArray@1@_N@Z@4HA 00000001800699a0     mwsurf.obj
 0004:000029ac       $pdata$?dtor$14@?0???RMWSURF@cv@@QEBAXAEBV_InputArray@1@0AEAV?$vector@VKeyPoint@cv@@V?$allocator@VKeyPoint@cv@@@std@@@std@@AEBV_OutputArray@1@_N@Z@4HA 00000001800699ac     mwsurf.obj
 0004:000029b8       $pdata$?dtor$15@?0???RMWSURF@cv@@QEBAXAEBV_InputArray@1@0AEAV?$vector@VKeyPoint@cv@@V?$allocator@VKeyPoint@cv@@@std@@@std@@AEBV_OutputArray@1@_N@Z@4HA 00000001800699b8     mwsurf.obj
 0004:000029c4       $pdata$?dtor$16@?0???RMWSURF@cv@@QEBAXAEBV_InputArray@1@0AEAV?$vector@VKeyPoint@cv@@V?$allocator@VKeyPoint@cv@@@std@@@std@@AEBV_OutputArray@1@_N@Z@4HA 00000001800699c4     mwsurf.obj
 0004:000029d0       $pdata$?dtor$17@?0???RMWSURF@cv@@QEBAXAEBV_InputArray@1@0AEAV?$vector@VKeyPoint@cv@@V?$allocator@VKeyPoint@cv@@@std@@@std@@AEBV_OutputArray@1@_N@Z@4HA 00000001800699d0     mwsurf.obj
 0004:000029dc       $pdata$?dtor$18@?0???RMWSURF@cv@@QEBAXAEBV_InputArray@1@0AEAV?$vector@VKeyPoint@cv@@V?$allocator@VKeyPoint@cv@@@std@@@std@@AEBV_OutputArray@1@_N@Z@4HA 00000001800699dc     mwsurf.obj
 0004:000029e8       $pdata$?dtor$19@?0???RMWSURF@cv@@QEBAXAEBV_InputArray@1@0AEAV?$vector@VKeyPoint@cv@@V?$allocator@VKeyPoint@cv@@@std@@@std@@AEBV_OutputArray@1@_N@Z@4HA 00000001800699e8     mwsurf.obj
 0004:000029f4       $pdata$?dtor$20@?0???RMWSURF@cv@@QEBAXAEBV_InputArray@1@0AEAV?$vector@VKeyPoint@cv@@V?$allocator@VKeyPoint@cv@@@std@@@std@@AEBV_OutputArray@1@_N@Z@4HA 00000001800699f4     mwsurf.obj
 0004:00002a00       $pdata$?dtor$21@?0???RMWSURF@cv@@QEBAXAEBV_InputArray@1@0AEAV?$vector@VKeyPoint@cv@@V?$allocator@VKeyPoint@cv@@@std@@@std@@AEBV_OutputArray@1@_N@Z@4HA 0000000180069a00     mwsurf.obj
 0004:00002a0c       $pdata$?dtor$22@?0???RMWSURF@cv@@QEBAXAEBV_InputArray@1@0AEAV?$vector@VKeyPoint@cv@@V?$allocator@VKeyPoint@cv@@@std@@@std@@AEBV_OutputArray@1@_N@Z@4HA 0000000180069a0c     mwsurf.obj
 0004:00002a18       $pdata$?dtor$23@?0???RMWSURF@cv@@QEBAXAEBV_InputArray@1@0AEAV?$vector@VKeyPoint@cv@@V?$allocator@VKeyPoint@cv@@@std@@@std@@AEBV_OutputArray@1@_N@Z@4HA 0000000180069a18     mwsurf.obj
 0004:00002a24       $pdata$?dtor$24@?0???RMWSURF@cv@@QEBAXAEBV_InputArray@1@0AEAV?$vector@VKeyPoint@cv@@V?$allocator@VKeyPoint@cv@@@std@@@std@@AEBV_OutputArray@1@_N@Z@4HA 0000000180069a24     mwsurf.obj
 0004:00002a30       $pdata$?dtor$25@?0???RMWSURF@cv@@QEBAXAEBV_InputArray@1@0AEAV?$vector@VKeyPoint@cv@@V?$allocator@VKeyPoint@cv@@@std@@@std@@AEBV_OutputArray@1@_N@Z@4HA 0000000180069a30     mwsurf.obj
 0004:00002a3c       $pdata$?dtor$0@?0??detectImpl@MWSURF@cv@@IEBAXAEBVMat@2@AEAV?$vector@VKeyPoint@cv@@V?$allocator@VKeyPoint@cv@@@std@@@std@@0@Z@4HA 0000000180069a3c     mwsurf.obj
 0004:00002a48       $pdata$?dtor$1@?0??detectImpl@MWSURF@cv@@IEBAXAEBVMat@2@AEAV?$vector@VKeyPoint@cv@@V?$allocator@VKeyPoint@cv@@@std@@@std@@0@Z@4HA 0000000180069a48     mwsurf.obj
 0004:00002a54       $pdata$?dtor$0@?0??computeImpl@MWSURF@cv@@IEBAXAEBVMat@2@AEAV?$vector@VKeyPoint@cv@@V?$allocator@VKeyPoint@cv@@@std@@@std@@AEAV32@@Z@4HA 0000000180069a54     mwsurf.obj
 0004:00002a60       $pdata$?dtor$1@?0??computeImpl@MWSURF@cv@@IEBAXAEBVMat@2@AEAV?$vector@VKeyPoint@cv@@V?$allocator@VKeyPoint@cv@@@std@@@std@@AEAV32@@Z@4HA 0000000180069a60     mwsurf.obj
 0004:00002a6c       $pdata$?dtor$2@?0??computeImpl@MWSURF@cv@@IEBAXAEBVMat@2@AEAV?$vector@VKeyPoint@cv@@V?$allocator@VKeyPoint@cv@@@std@@@std@@AEAV32@@Z@4HA 0000000180069a6c     mwsurf.obj
 0004:00002a78       $pdata$?dtor$3@?0??computeImpl@MWSURF@cv@@IEBAXAEBVMat@2@AEAV?$vector@VKeyPoint@cv@@V?$allocator@VKeyPoint@cv@@@std@@@std@@AEAV32@@Z@4HA 0000000180069a78     mwsurf.obj
 0004:00002a84       $pdata$?dtor$0@?0??findMaximaInLayer@MWSURFFindInvoker@cv@@SAXAEBVMat@2@0AEBV?$vector@VMat@cv@@V?$allocator@VMat@cv@@@std@@@std@@1AEBV?$vector@HV?$allocator@H@std@@@5@AEAV?$vector@VKeyPoint@cv@@V?$allocator@VKeyPoint@cv@@@std@@@5@HHMH@Z@4HA 0000000180069a84     mwsurf.obj
 0004:00002a90       $pdata$?dtor$0@?0??fastHessianDetector@cv@@YAXAEBVMat@1@0AEAV?$vector@VKeyPoint@cv@@V?$allocator@VKeyPoint@cv@@@std@@@std@@HHM@Z@4HA 0000000180069a90     mwsurf.obj
 0004:00002a9c       $pdata$?dtor$1@?0??fastHessianDetector@cv@@YAXAEBVMat@1@0AEAV?$vector@VKeyPoint@cv@@V?$allocator@VKeyPoint@cv@@@std@@@std@@HHM@Z@4HA 0000000180069a9c     mwsurf.obj
 0004:00002aa8       $pdata$?dtor$2@?0??fastHessianDetector@cv@@YAXAEBVMat@1@0AEAV?$vector@VKeyPoint@cv@@V?$allocator@VKeyPoint@cv@@@std@@@std@@HHM@Z@4HA 0000000180069aa8     mwsurf.obj
 0004:00002ab4       $pdata$?dtor$3@?0??fastHessianDetector@cv@@YAXAEBVMat@1@0AEAV?$vector@VKeyPoint@cv@@V?$allocator@VKeyPoint@cv@@@std@@@std@@HHM@Z@4HA 0000000180069ab4     mwsurf.obj
 0004:00002ac0       $pdata$?dtor$4@?0??fastHessianDetector@cv@@YAXAEBVMat@1@0AEAV?$vector@VKeyPoint@cv@@V?$allocator@VKeyPoint@cv@@@std@@@std@@HHM@Z@4HA 0000000180069ac0     mwsurf.obj
 0004:00002acc       $pdata$?dtor$5@?0??fastHessianDetector@cv@@YAXAEBVMat@1@0AEAV?$vector@VKeyPoint@cv@@V?$allocator@VKeyPoint@cv@@@std@@@std@@HHM@Z@4HA 0000000180069acc     mwsurf.obj
 0004:00002ad8       $pdata$?dtor$6@?0??fastHessianDetector@cv@@YAXAEBVMat@1@0AEAV?$vector@VKeyPoint@cv@@V?$allocator@VKeyPoint@cv@@@std@@@std@@HHM@Z@4HA 0000000180069ad8     mwsurf.obj
 0004:00002ae4       $pdata$?dtor$0@?0???$?0M$02$00@Mat@cv@@QEAA@AEBV?$Matx@M$02$00@1@_N@Z@4HA 0000000180069ae4     mwsurf.obj
 0004:00002af0       $pdata$?dtor$1@?0???$?0M$02$00@Mat@cv@@QEAA@AEBV?$Matx@M$02$00@1@_N@Z@4HA 0000000180069af0     mwsurf.obj
 0004:00002afc       $pdata$?dtor$0@?0???$?0M$02$02@Mat@cv@@QEAA@AEBV?$Matx@M$02$02@1@_N@Z@4HA 0000000180069afc     mwsurf.obj
 0004:00002b08       $pdata$?dtor$1@?0???$?0M$02$02@Mat@cv@@QEAA@AEBV?$Matx@M$02$02@1@_N@Z@4HA 0000000180069b08     mwsurf.obj
 0004:00002b14       $pdata$?dtor$0@?0???$?0UCvMat@@@?$Ptr@UCvMat@@@cv@@QEAA@PEAUCvMat@@@Z@4HA 0000000180069b14     mwsurf.obj
 0004:00002b20       $pdata$?catch$0@?0???$_Resize@V<lambda_12eafce8cd5872c88745c0a2a305f7cc>@@@?$vector@V?$Point_@H@cv@@V?$allocator@V?$Point_@H@cv@@@std@@@std@@AEAAX_KV<lambda_12eafce8cd5872c88745c0a2a305f7cc>@@@Z@4HA 0000000180069b20     mwsurf.obj
 0004:00002b2c       $pdata$?catch$0@?0???$_Resize@V<lambda_3779c35418698644eae238f3df37bd0b>@@@?$vector@VKeyPoint@cv@@V?$allocator@VKeyPoint@cv@@@std@@@std@@AEAAX_KV<lambda_3779c35418698644eae238f3df37bd0b>@@@Z@4HA 0000000180069b2c     mwsurf.obj
 0004:00002b38       $pdata$?catch$0@?0???$_Resize@V<lambda_a0fd67340d08d33487be225a22701bdb>@@@?$vector@MV?$allocator@M@std@@@std@@AEAAX_KV<lambda_a0fd67340d08d33487be225a22701bdb>@@@Z@4HA 0000000180069b38     mwsurf.obj
 0004:00002b44       $pdata$?catch$0@?0???$_Uninitialized_copy_al_unchecked@PEAV?$Point_@H@cv@@PEAV12@V?$allocator@V?$Point_@H@cv@@@std@@@std@@YAPEAV?$Point_@H@cv@@PEAV12@00AEAU?$_Wrap_alloc@V?$allocator@V?$Point_@H@cv@@@std@@@0@U_General_ptr_iterator_tag@0@U_Any_tag@0@@Z@4HA 0000000180069b44     mwsurf.obj
 0004:00002b50       $pdata$?catch$0@?0???$_Uninitialized_default_fill_n1@PEAV?$Point_@H@cv@@_KV?$allocator@V?$Point_@H@cv@@@std@@@std@@YAPEAV?$Point_@H@cv@@PEAV12@_KAEAU?$_Wrap_alloc@V?$allocator@V?$Point_@H@cv@@@std@@@0@U?$integral_constant@_N$0A@@0@@Z@4HA 0000000180069b50     mwsurf.obj
 0004:00002b5c       $pdata$?catch$0@?0???$_Uninitialized_default_fill_n1@PEAVKeyPoint@cv@@_KV?$allocator@VKeyPoint@cv@@@std@@@std@@YAPEAVKeyPoint@cv@@PEAV12@_KAEAU?$_Wrap_alloc@V?$allocator@VKeyPoint@cv@@@std@@@0@U?$integral_constant@_N$0A@@0@@Z@4HA 0000000180069b5c     mwsurf.obj
 0004:00002b68       $pdata$?catch$0@?0???$_Uninitialized_default_fill_n1@PEAVMat@cv@@_KV?$allocator@VMat@cv@@@std@@@std@@YAPEAVMat@cv@@PEAV12@_KAEAU?$_Wrap_alloc@V?$allocator@VMat@cv@@@std@@@0@U?$integral_constant@_N$0A@@0@@Z@4HA 0000000180069b68     mwsurf.obj
 0004:00002b74       $pdata$?dtor$0@?0???$construct@V?$Point_@H@cv@@$$V@?$allocator@V?$Point_@H@cv@@@std@@QEAAXPEAV?$Point_@H@cv@@@Z@4HA 0000000180069b74     mwsurf.obj
 0004:00002b80       $pdata$?dtor$0@?0???$construct@V?$Point_@H@cv@@AEAV12@@?$allocator@V?$Point_@H@cv@@@std@@QEAAXPEAV?$Point_@H@cv@@AEAV23@@Z@4HA 0000000180069b80     mwsurf.obj
 0004:00002b8c       $pdata$?dtor$0@?0???$construct@VKeyPoint@cv@@$$V@?$allocator@VKeyPoint@cv@@@std@@QEAAXPEAVKeyPoint@cv@@@Z@4HA 0000000180069b8c     mwsurf.obj
 0004:00002b98       $pdata$?dtor$0@?0???$construct@VMat@cv@@$$V@?$allocator@VMat@cv@@@std@@QEAAXPEAVMat@cv@@@Z@4HA 0000000180069b98     mwsurf.obj
 0004:00002ba4       $pdata$?dtor$0@?0???$solve@$00@?$Matx@M$02$02@cv@@QEBA?AV?$Matx@M$02$00@1@AEBV21@H@Z@4HA 0000000180069ba4     mwsurf.obj
 0004:00002bb0       $pdata$?dtor$1@?0???$solve@$00@?$Matx@M$02$02@cv@@QEBA?AV?$Matx@M$02$00@1@AEBV21@H@Z@4HA 0000000180069bb0     mwsurf.obj
 0004:00002bbc       $pdata$?dtor$2@?0???$solve@$00@?$Matx@M$02$02@cv@@QEBA?AV?$Matx@M$02$00@1@AEBV21@H@Z@4HA 0000000180069bbc     mwsurf.obj
 0004:00002bc8       $pdata$?dtor$3@?0???$solve@$00@?$Matx@M$02$02@cv@@QEBA?AV?$Matx@M$02$00@1@AEBV21@H@Z@4HA 0000000180069bc8     mwsurf.obj
 0004:00002bd4       $pdata$?dtor$4@?0???$solve@$00@?$Matx@M$02$02@cv@@QEBA?AV?$Matx@M$02$00@1@AEBV21@H@Z@4HA 0000000180069bd4     mwsurf.obj
 0004:00002be0       $pdata$?dtor$5@?0???$solve@$00@?$Matx@M$02$02@cv@@QEBA?AV?$Matx@M$02$00@1@AEBV21@H@Z@4HA 0000000180069be0     mwsurf.obj
 0004:00002bec       $pdata$?catch$0@?0???0?$vector@HV?$allocator@H@std@@@std@@QEAA@_KAEBV?$allocator@H@1@@Z@4HA 0000000180069bec     mwsurf.obj
 0004:00002bf8       $pdata$?catch$0@?0???0?$vector@VMat@cv@@V?$allocator@VMat@cv@@@std@@@std@@QEAA@_KAEBV?$allocator@VMat@cv@@@1@@Z@4HA 0000000180069bf8     mwsurf.obj
 0004:00002c04       $pdata$?dtor$0@?0???0MWSURFInvoker@cv@@QEAA@AEBVMat@1@0AEAV?$vector@VKeyPoint@cv@@V?$allocator@VKeyPoint@cv@@@std@@@std@@AEAV21@_N3@Z@4HA 0000000180069c04     mwsurf.obj
 0004:00002c10       $pdata$?dtor$1@?0???0MWSURFInvoker@cv@@QEAA@AEBVMat@1@0AEAV?$vector@VKeyPoint@cv@@V?$allocator@VKeyPoint@cv@@@std@@@std@@AEAV21@_N3@Z@4HA 0000000180069c10     mwsurf.obj
 0004:00002c1c       $pdata$?dtor$2@?0???0MWSURFInvoker@cv@@QEAA@AEBVMat@1@0AEAV?$vector@VKeyPoint@cv@@V?$allocator@VKeyPoint@cv@@@std@@@std@@AEAV21@_N3@Z@4HA 0000000180069c1c     mwsurf.obj
 0004:00002c28       $pdata$?dtor$3@?0???0MWSURFInvoker@cv@@QEAA@AEBVMat@1@0AEAV?$vector@VKeyPoint@cv@@V?$allocator@VKeyPoint@cv@@@std@@@std@@AEAV21@_N3@Z@4HA 0000000180069c28     mwsurf.obj
 0004:00002c34       $pdata$?dtor$4@?0???0MWSURFInvoker@cv@@QEAA@AEBVMat@1@0AEAV?$vector@VKeyPoint@cv@@V?$allocator@VKeyPoint@cv@@@std@@@std@@AEAV21@_N3@Z@4HA 0000000180069c34     mwsurf.obj
 0004:00002c40       $pdata$?dtor$5@?0???0MWSURFInvoker@cv@@QEAA@AEBVMat@1@0AEAV?$vector@VKeyPoint@cv@@V?$allocator@VKeyPoint@cv@@@std@@@std@@AEAV21@_N3@Z@4HA 0000000180069c40     mwsurf.obj
 0004:00002c4c       $pdata$?dtor$6@?0???0MWSURFInvoker@cv@@QEAA@AEBVMat@1@0AEAV?$vector@VKeyPoint@cv@@V?$allocator@VKeyPoint@cv@@@std@@@std@@AEAV21@_N3@Z@4HA 0000000180069c4c     mwsurf.obj
 0004:00002c58       $pdata$?dtor$0@?0???0_OutputArray@cv@@QEAA@AEAVMat@1@@Z@4HA 0000000180069c58     mwsurf.obj
 0004:00002c64       $pdata$?dtor$0@?0???RMWSURFInvoker@cv@@UEBAXAEBVRange@1@@Z@4HA 0000000180069c64     mwsurf.obj
 0004:00002c70       $pdata$?dtor$1@?0???RMWSURFInvoker@cv@@UEBAXAEBVRange@1@@Z@4HA 0000000180069c70     mwsurf.obj
 0004:00002c7c       $pdata$?dtor$2@?0???RMWSURFInvoker@cv@@UEBAXAEBVRange@1@@Z@4HA 0000000180069c7c     mwsurf.obj
 0004:00002c88       $pdata$?dtor$3@?0???RMWSURFInvoker@cv@@UEBAXAEBVRange@1@@Z@4HA 0000000180069c88     mwsurf.obj
 0004:00002c94       $pdata$?dtor$4@?0???RMWSURFInvoker@cv@@UEBAXAEBVRange@1@@Z@4HA 0000000180069c94     mwsurf.obj
 0004:00002ca0       $pdata$?dtor$5@?0???RMWSURFInvoker@cv@@UEBAXAEBVRange@1@@Z@4HA 0000000180069ca0     mwsurf.obj
 0004:00002cac       $pdata$fastHessianDetector_uint8$dtor$0 0000000180069cac     fastHessianDetectorCore.obj
 0004:00002cb8       $pdata$fastHessianDetector_uint8$dtor$1 0000000180069cb8     fastHessianDetectorCore.obj
 0004:00002cc4       $pdata$fastHessianDetector_uint8$dtor$2 0000000180069cc4     fastHessianDetectorCore.obj
 0004:00002cd0       $pdata$fastHessianDetector_uint8$dtor$4 0000000180069cd0     fastHessianDetectorCore.obj
 0004:00002cdc       $pdata$?dtor$0@?0??configureSURFDetectorCore@@YAXU?$Ptr@VMWSURF@cv@@@cv@@HHH_K1@Z@4HA 0000000180069cdc     fastHessianDetectorCore.obj
 0004:00002ce8       $pdata$__scrt_is_nonwritable_in_current_image$filt$0 0000000180069ce8     MSVCRT:utility.obj
 0004:00002cf4       $pdata$?fin$0@?0??dllmain_crt_process_attach@@YAHQEAUHINSTANCE__@@QEAX@Z@4HA 0000000180069cf4     MSVCRT:dll_dllmain.obj
 0004:00002d00       $pdata$?fin$0@?0??dllmain_crt_process_detach@@YAH_N@Z@4HA 0000000180069d00     MSVCRT:dll_dllmain.obj
 0004:00002d0c       $pdata$?filt$0@?0??dllmain_dispatch@@YAHQEAUHINSTANCE__@@KQEAX@Z@4HA 0000000180069d0c     MSVCRT:dll_dllmain.obj
 0004:00002d18       $pdata$??__F?policy@?$SinglePolicy@H@anyimpl@cvflann@@0U?$small_any_policy@H@23@A@@YAXXZ 0000000180069d18     extractSurfCore.obj
 0004:00002d24       $pdata$??__F?policy@?$SinglePolicy@I@anyimpl@cvflann@@0U?$small_any_policy@I@23@A@@YAXXZ 0000000180069d24     extractSurfCore.obj
 0004:00002d30       $pdata$??__F?policy@?$SinglePolicy@M@anyimpl@cvflann@@0U?$small_any_policy@M@23@A@@YAXXZ 0000000180069d30     extractSurfCore.obj
 0004:00002d3c       $pdata$??__F?policy@?$SinglePolicy@PEBD@anyimpl@cvflann@@0U?$small_any_policy@PEBD@23@A@@YAXXZ 0000000180069d3c     extractSurfCore.obj
 0004:00002d48       $pdata$??__F?policy@?$SinglePolicy@Uempty_any@anyimpl@cvflann@@@anyimpl@cvflann@@0U?$big_any_policy@Uempty_any@anyimpl@cvflann@@@23@A@@YAXXZ 0000000180069d48     extractSurfCore.obj
 0004:00002d54       $pdata$??__F?policy@?$SinglePolicy@VString@cv@@@anyimpl@cvflann@@0U?$big_any_policy@VString@cv@@@23@A@@YAXXZ 0000000180069d54     extractSurfCore.obj
 0004:00002d60       $pdata$??__F?policy@?$SinglePolicy@W4flann_algorithm_t@cvflann@@@anyimpl@cvflann@@0U?$big_any_policy@W4flann_algorithm_t@cvflann@@@23@A@@YAXXZ 0000000180069d60     extractSurfCore.obj
 0004:00002d6c       $pdata$??__F?policy@?$SinglePolicy@W4flann_centers_init_t@cvflann@@@anyimpl@cvflann@@0U?$big_any_policy@W4flann_centers_init_t@cvflann@@@23@A@@YAXXZ 0000000180069d6c     extractSurfCore.obj
 0004:00002d78       $pdata$??__F?policy@?$SinglePolicy@_N@anyimpl@cvflann@@0U?$small_any_policy@_N@23@A@@YAXXZ 0000000180069d78     extractSurfCore.obj
 0004:00002d84       $pdata$??__F?policy@?$SinglePolicy@H@anyimpl@cvflann@@0U?$small_any_policy@H@23@A@@YAXXZ 0000000180069d84     cgCommon.obj
 0004:00002d90       $pdata$??__F?policy@?$SinglePolicy@I@anyimpl@cvflann@@0U?$small_any_policy@I@23@A@@YAXXZ 0000000180069d90     cgCommon.obj
 0004:00002d9c       $pdata$??__F?policy@?$SinglePolicy@M@anyimpl@cvflann@@0U?$small_any_policy@M@23@A@@YAXXZ 0000000180069d9c     cgCommon.obj
 0004:00002da8       $pdata$??__F?policy@?$SinglePolicy@PEBD@anyimpl@cvflann@@0U?$small_any_policy@PEBD@23@A@@YAXXZ 0000000180069da8     cgCommon.obj
 0004:00002db4       $pdata$??__F?policy@?$SinglePolicy@Uempty_any@anyimpl@cvflann@@@anyimpl@cvflann@@0U?$big_any_policy@Uempty_any@anyimpl@cvflann@@@23@A@@YAXXZ 0000000180069db4     cgCommon.obj
 0004:00002dc0       $pdata$??__F?policy@?$SinglePolicy@VString@cv@@@anyimpl@cvflann@@0U?$big_any_policy@VString@cv@@@23@A@@YAXXZ 0000000180069dc0     cgCommon.obj
 0004:00002dcc       $pdata$??__F?policy@?$SinglePolicy@W4flann_algorithm_t@cvflann@@@anyimpl@cvflann@@0U?$big_any_policy@W4flann_algorithm_t@cvflann@@@23@A@@YAXXZ 0000000180069dcc     cgCommon.obj
 0004:00002dd8       $pdata$??__F?policy@?$SinglePolicy@W4flann_centers_init_t@cvflann@@@anyimpl@cvflann@@0U?$big_any_policy@W4flann_centers_init_t@cvflann@@@23@A@@YAXXZ 0000000180069dd8     cgCommon.obj
 0004:00002de4       $pdata$??__F?policy@?$SinglePolicy@_N@anyimpl@cvflann@@0U?$small_any_policy@_N@23@A@@YAXXZ 0000000180069de4     cgCommon.obj
 0004:00002df0       $pdata$??__F?findMaximaInLayer_m@MWSURFFindInvoker@cv@@2VMutex@2@A@@YAXXZ 0000000180069df0     mwsurf.obj
 0004:00002dfc       $pdata$??__F?policy@?$SinglePolicy@H@anyimpl@cvflann@@0U?$small_any_policy@H@23@A@@YAXXZ 0000000180069dfc     fastHessianDetectorCore.obj
 0004:00002e08       $pdata$??__F?policy@?$SinglePolicy@I@anyimpl@cvflann@@0U?$small_any_policy@I@23@A@@YAXXZ 0000000180069e08     fastHessianDetectorCore.obj
 0004:00002e14       $pdata$??__F?policy@?$SinglePolicy@M@anyimpl@cvflann@@0U?$small_any_policy@M@23@A@@YAXXZ 0000000180069e14     fastHessianDetectorCore.obj
 0004:00002e20       $pdata$??__F?policy@?$SinglePolicy@PEBD@anyimpl@cvflann@@0U?$small_any_policy@PEBD@23@A@@YAXXZ 0000000180069e20     fastHessianDetectorCore.obj
 0004:00002e2c       $pdata$??__F?policy@?$SinglePolicy@Uempty_any@anyimpl@cvflann@@@anyimpl@cvflann@@0U?$big_any_policy@Uempty_any@anyimpl@cvflann@@@23@A@@YAXXZ 0000000180069e2c     fastHessianDetectorCore.obj
 0004:00002e38       $pdata$??__F?policy@?$SinglePolicy@VString@cv@@@anyimpl@cvflann@@0U?$big_any_policy@VString@cv@@@23@A@@YAXXZ 0000000180069e38     fastHessianDetectorCore.obj
 0004:00002e44       $pdata$??__F?policy@?$SinglePolicy@W4flann_algorithm_t@cvflann@@@anyimpl@cvflann@@0U?$big_any_policy@W4flann_algorithm_t@cvflann@@@23@A@@YAXXZ 0000000180069e44     fastHessianDetectorCore.obj
 0004:00002e50       $pdata$??__F?policy@?$SinglePolicy@W4flann_centers_init_t@cvflann@@@anyimpl@cvflann@@0U?$big_any_policy@W4flann_centers_init_t@cvflann@@@23@A@@YAXXZ 0000000180069e50     fastHessianDetectorCore.obj
 0004:00002e5c       $pdata$??__F?policy@?$SinglePolicy@_N@anyimpl@cvflann@@0U?$small_any_policy@_N@23@A@@YAXXZ 0000000180069e5c     fastHessianDetectorCore.obj
